Component: ARM Compiler 5.05 update 1 (build 106) Tool: armlink [4d0efa]

==============================================================================

Section Cross References

    main.o(i.main) refers to delay.o(i.delay_init) for delay_init
    main.o(i.main) refers to misc.o(i.NVIC_PriorityGroupConfig) for NVIC_PriorityGroupConfig
    main.o(i.main) refers to led.o(i.LED_Init) for LED_Init
    main.o(i.main) refers to key.o(i.KEY_Init) for KEY_Init
    main.o(i.main) refers to exti.o(i.EXTIX_Init) for EXTIX_Init
    main.o(i.main) refers to beep.o(i.BEEP_Init) for BEEP_Init
    main.o(i.main) refers to dht11.o(i.DHT11_Init) for DHT11_Init
    main.o(i.main) refers to bh1750.o(i.BH1750_Init) for BH1750_Init
    main.o(i.main) refers to oled.o(i.OLED_Init) for OLED_Init
    main.o(i.main) refers to oled.o(i.OLED_ColorTurn) for OLED_ColorTurn
    main.o(i.main) refers to oled.o(i.OLED_DisplayTurn) for OLED_DisplayTurn
    main.o(i.main) refers to oled.o(i.OLED_Clear) for OLED_Clear
    main.o(i.main) refers to timer.o(i.TIM3_Int_Init) for TIM3_Int_Init
    main.o(i.main) refers to timer.o(i.TIM2_Int_Init) for TIM2_Int_Init
    main.o(i.main) refers to usart.o(i.UsartPrintf) for UsartPrintf
    main.o(i.main) refers to usart.o(i.Usart1_Init) for Usart1_Init
    main.o(i.main) refers to usart.o(i.Usart2_Init) for Usart2_Init
    main.o(i.main) refers to esp8266.o(i.ESP8266_Init) for ESP8266_Init
    main.o(i.main) refers to delay.o(i.delay_ms) for delay_ms
    main.o(i.main) refers to onenet.o(i.OneNet_DevLink) for OneNet_DevLink
    main.o(i.main) refers to onenet.o(i.OneNet_Subscribe) for OneNet_Subscribe
    main.o(i.main) refers to dht11.o(i.DHT11_Read_Data) for DHT11_Read_Data
    main.o(i.main) refers to bh1750.o(i.i2c_CheckDevice) for i2c_CheckDevice
    main.o(i.main) refers to bh1750.o(i.LIght_Intensity) for LIght_Intensity
    main.o(i.main) refers to f2d.o(x$fpl$f2d) for __aeabi_f2d
    main.o(i.main) refers to fleqf.o(x$fpl$fleqf) for __aeabi_cfcmple
    main.o(i.main) refers to onenet.o(i.OneNet_Publish) for OneNet_Publish
    main.o(i.main) refers to esp8266.o(i.ESP8266_Clear) for ESP8266_Clear
    main.o(i.main) refers to esp8266.o(i.ESP8266_GetIPD) for ESP8266_GetIPD
    main.o(i.main) refers to onenet.o(i.OneNet_RevPro) for OneNet_RevPro
    main.o(i.main) refers to main.o(.data) for topics
    main.o(.data) refers to main.o(.conststring) for .conststring
    system_stm32f10x.o(i.SetSysClock) refers to system_stm32f10x.o(i.SetSysClockTo72) for SetSysClockTo72
    system_stm32f10x.o(i.SystemCoreClockUpdate) refers to system_stm32f10x.o(.data) for SystemCoreClock
    system_stm32f10x.o(i.SystemInit) refers to system_stm32f10x.o(i.SetSysClock) for SetSysClock
    led.o(i.LED_Init) refers to stm32f10x_rcc.o(i.RCC_APB2PeriphClockCmd) for RCC_APB2PeriphClockCmd
    led.o(i.LED_Init) refers to stm32f10x_gpio.o(i.GPIO_Init) for GPIO_Init
    led.o(i.LED_Init) refers to stm32f10x_gpio.o(i.GPIO_SetBits) for GPIO_SetBits
    beep.o(i.BEEP_Init) refers to stm32f10x_rcc.o(i.RCC_APB2PeriphClockCmd) for RCC_APB2PeriphClockCmd
    beep.o(i.BEEP_Init) refers to stm32f10x_gpio.o(i.GPIO_Init) for GPIO_Init
    beep.o(i.BEEP_Init) refers to stm32f10x_gpio.o(i.GPIO_ResetBits) for GPIO_ResetBits
    bh1750.o(i.BH1750_Byte_Write) refers to bh1750.o(i.i2c_Start) for i2c_Start
    bh1750.o(i.BH1750_Byte_Write) refers to bh1750.o(i.i2c_SendByte) for i2c_SendByte
    bh1750.o(i.BH1750_Byte_Write) refers to bh1750.o(i.i2c_WaitAck) for i2c_WaitAck
    bh1750.o(i.BH1750_Byte_Write) refers to bh1750.o(i.i2c_Stop) for i2c_Stop
    bh1750.o(i.BH1750_Init) refers to bh1750.o(i.I2C_BH1750_GPIOConfig) for I2C_BH1750_GPIOConfig
    bh1750.o(i.BH1750_Init) refers to bh1750.o(i.BH1750_Power_ON) for BH1750_Power_ON
    bh1750.o(i.BH1750_Init) refers to bh1750.o(i.BH1750_Byte_Write) for BH1750_Byte_Write
    bh1750.o(i.BH1750_Power_OFF) refers to bh1750.o(i.BH1750_Byte_Write) for BH1750_Byte_Write
    bh1750.o(i.BH1750_Power_ON) refers to bh1750.o(i.BH1750_Byte_Write) for BH1750_Byte_Write
    bh1750.o(i.BH1750_RESET) refers to bh1750.o(i.BH1750_Byte_Write) for BH1750_Byte_Write
    bh1750.o(i.BH1750_Read_Measure) refers to bh1750.o(i.i2c_Start) for i2c_Start
    bh1750.o(i.BH1750_Read_Measure) refers to bh1750.o(i.i2c_SendByte) for i2c_SendByte
    bh1750.o(i.BH1750_Read_Measure) refers to bh1750.o(i.i2c_WaitAck) for i2c_WaitAck
    bh1750.o(i.BH1750_Read_Measure) refers to bh1750.o(i.i2c_ReadByte) for i2c_ReadByte
    bh1750.o(i.BH1750_Read_Measure) refers to bh1750.o(i.i2c_Ack) for i2c_Ack
    bh1750.o(i.BH1750_Read_Measure) refers to bh1750.o(i.i2c_NAck) for i2c_NAck
    bh1750.o(i.BH1750_Read_Measure) refers to bh1750.o(i.i2c_Stop) for i2c_Stop
    bh1750.o(i.I2C_BH1750_GPIOConfig) refers to stm32f10x_rcc.o(i.RCC_APB2PeriphClockCmd) for RCC_APB2PeriphClockCmd
    bh1750.o(i.I2C_BH1750_GPIOConfig) refers to stm32f10x_gpio.o(i.GPIO_Init) for GPIO_Init
[...]
    x$fpl$f2d                                0x08004f2c   Section       86  f2d.o(x$fpl$f2d)
    x$fpl$fcmpinf                            0x08004f82   Section       24  fcmpi.o(x$fpl$fcmpinf)
    x$fpl$fdiv                               0x08004f9c   Section      388  fdiv.o(x$fpl$fdiv)
    _fdiv1                                   0x08004f9d   Thumb Code     0  fdiv.o(x$fpl$fdiv)
    x$fpl$ffltu                              0x08005120   Section       38  fflt_clz.o(x$fpl$ffltu)
    x$fpl$fleqf                              0x08005148   Section      104  fleqf.o(x$fpl$fleqf)
    x$fpl$fmul                               0x080051b0   Section      258  fmul.o(x$fpl$fmul)
    x$fpl$fnaninf                            0x080052b2   Section      140  fnaninf.o(x$fpl$fnaninf)
    x$fpl$fretinf                            0x0800533e   Section       10  fretinf.o(x$fpl$fretinf)
    x$fpl$printf1                            0x08005348   Section        4  printf1.o(x$fpl$printf1)
    .constdata                               0x0800534c   Section     7696  oled.o(.constdata)
    x$fpl$usenofp                            0x0800534c   Section        0  usenofp.o(x$fpl$usenofp)
    .constdata                               0x0800715c   Section       17  __printf_flags_ss_wp.o(.constdata)
    maptable                                 0x0800715c   Data          17  __printf_flags_ss_wp.o(.constdata)
    .constdata                               0x08007170   Section        8  _printf_wctomb.o(.constdata)
    initial_mbstate                          0x08007170   Data           8  _printf_wctomb.o(.constdata)
    .constdata                               0x08007178   Section       40  _printf_hex_int_ll_ptr.o(.constdata)
    uc_hextab                                0x08007178   Data          20  _printf_hex_int_ll_ptr.o(.constdata)
    lc_hextab                                0x0800718c   Data          20  _printf_hex_int_ll_ptr.o(.constdata)
    .constdata                               0x080071a0   Section      148  bigflt0.o(.constdata)
    tenpwrs_x                                0x080071a0   Data          60  bigflt0.o(.constdata)
    tenpwrs_i                                0x080071dc   Data          64  bigflt0.o(.constdata)
    .conststring                             0x08007234   Section       17  main.o(.conststring)
    locale$$data                             0x08007268   Section       28  lc_numeric_c.o(locale$$data)
    __lcnum_c_name                           0x0800726c   Data           2  lc_numeric_c.o(locale$$data)
    __lcnum_c_start                          0x08007274   Data           0  lc_numeric_c.o(locale$$data)
    __lcnum_c_point                          0x08007280   Data           0  lc_numeric_c.o(locale$$data)
    __lcnum_c_thousands                      0x08007282   Data           0  lc_numeric_c.o(locale$$data)
    __lcnum_c_grouping                       0x08007283   Data           0  lc_numeric_c.o(locale$$data)
    locale$$data                             0x08007284   Section      272  lc_ctype_c.o(locale$$data)
    __lcnum_c_end                            0x08007284   Data           0  lc_numeric_c.o(locale$$data)
    __lcctype_c_name                         0x08007288   Data           2  lc_ctype_c.o(locale$$data)
    __lcctype_c_start                        0x08007290   Data           0  lc_ctype_c.o(locale$$data)
    __lcctype_c_end                          0x08007394   Data           0  lc_ctype_c.o(locale$$data)
    .data                                    0x20000000   Section       16  main.o(.data)
    .data                                    0x20000010   Section       20  system_stm32f10x.o(.data)
    .data                                    0x20000024   Section        4  delay.o(.data)
    fac_us                                   0x20000024   Data           1  delay.o(.data)
    fac_ms                                   0x20000026   Data           2  delay.o(.data)
    .data                                    0x20000028   Section       20  stm32f10x_rcc.o(.data)
    APBAHBPrescTable                         0x20000028   Data          16  stm32f10x_rcc.o(.data)
    ADCPrescTable                            0x20000038   Data           4  stm32f10x_rcc.o(.data)
    .data                                    0x2000003c   Section        4  esp8266.o(.data)
    .data                                    0x20000040   Section        2  onenet.o(.data)
    pkt_id                                   0x20000040   Data           2  onenet.o(.data)
    .bss                                     0x20000044   Section     1152  oled.o(.bss)
    .bss                                     0x200004c4   Section       20  timer.o(.bss)
    .bss                                     0x200004d8   Section      128  esp8266.o(.bss)
    .bss                                     0x20000558   Section       96  libspace.o(.bss)
    HEAP                                     0x200005b8   Section      512  startup_stm32f10x_hd.o(HEAP)
    Heap_Mem                                 0x200005b8   Data         512  startup_stm32f10x_hd.o(HEAP)
    STACK                                    0x200007b8   Section     1024  startup_stm32f10x_hd.o(STACK)
    Stack_Mem                                0x200007b8   Data        1024  startup_stm32f10x_hd.o(STACK)
    __initial_sp                             0x20000bb8   Data           0  startup_stm32f10x_hd.o(STACK)

    Global Symbols

    Symbol Name                              Value     Ov Type        Size  Object(Section)

    BuildAttributes$$THM_ISAv4$P$D$K$B$S$PE$A:L22UL41UL21$X:L11$S22US41US21$IEEE1$IW$USESV6$~STKCKD$USESV7$~SHL$OTIME$ROPI$IEEEJ$EBA8$UX$STANDARDLIB$REQ8$PRES8$EABIv2 0x00000000   Number         0  anon$$obj.o ABSOLUTE
    __ARM_use_no_argv                        0x00000000   Number         0  main.o ABSOLUTE
    _printf_flags                            0x00000000   Number         0  printf_stubs.o ABSOLUTE
    _printf_return_value                     0x00000000   Number         0  printf_stubs.o ABSOLUTE
    _printf_sizespec                         0x00000000   Number         0  printf_stubs.o ABSOLUTE
    _printf_widthprec                        0x00000000   Number         0  printf_stubs.o ABSOLUTE
    __ARM_exceptions_init                     - Undefined Weak Reference
    __alloca_initialize                       - Undefined Weak Reference
    __arm_preinit_                            - Undefined Weak Reference
    __cpp_initialize__aeabi_                  - Undefined Weak Reference
    __cxa_finalize                            - Undefined Weak Reference
    __sigvec_lookup                           - Undefined Weak Reference
    __user_heap_extent                        - Undefined Weak Reference
    _atexit_init                              - Undefined Weak Reference
    _call_atexit_fns                          - Undefined Weak Reference
    _clock_init                               - Undefined Weak Reference
    _fp_trap_init                             - Undefined Weak Reference
    _fp_trap_shutdown                         - Undefined Weak Reference
    _get_lc_collate                           - Undefined Weak Reference
    _get_lc_monetary                          - Undefined Weak Reference
    _get_lc_time                              - Undefined Weak Reference
    _getenv_init                              - Undefined Weak Reference
    _handle_redirection                       - Undefined Weak Reference
    _initio                                   - Undefined Weak Reference
    _mutex_acquire                            - Undefined Weak Reference
    _mutex_free                               - Undefined Weak Reference
    _mutex_release                            - Undefined Weak Reference
    _printf_fp_hex                            - Undefined Weak Reference
    _printf_mbtowc                            - Undefined Weak Reference
    _printf_wc                                - Undefined Weak Reference
    _rand_init                                - Undefined Weak Reference
    _signal_finish                            - Undefined Weak Reference
    _signal_init                              - Undefined Weak Reference
    _terminateio                              - Undefined Weak Reference
    __Vectors_Size                           0x00000130   Number         0  startup_stm32f10x_hd.o ABSOLUTE
    __Vectors                                0x08000000   Data           4  startup_stm32f10x_hd.o(RESET)
    __Vectors_End                            0x08000130   Data           0  startup_stm32f10x_hd.o(RESET)
    __main                                   0x08000131   Thumb Code     8  __main.o(!!!main)
    __scatterload                            0x08000139   Thumb Code     0  __scatter.o(!!!scatter)
    __scatterload_rt2                        0x08000139   Thumb Code    44  __scatter.o(!!!scatter)
    __scatterload_rt2_thumb_only             0x08000139   Thumb Code     0  __scatter.o(!!!scatter)
    __scatterload_null                       0x08000147   Thumb Code     0  __scatter.o(!!!scatter)
    __scatterload_copy                       0x0800016d   Thumb Code    26  __scatter_copy.o(!!handler_copy)
    __scatterload_zeroinit                   0x08000189   Thumb Code    28  __scatter_zi.o(!!handler_zi)
    _printf_n                                0x080001a5   Thumb Code     0  _printf_n.o(.ARM.Collect$$_printf_percent$$00000001)
    _printf_percent                          0x080001a5   Thumb Code     0  _printf_percent.o(.ARM.Collect$$_printf_percent$$00000000)
    _printf_p                                0x080001ab   Thumb Code     0  _printf_p.o(.ARM.Collect$$_printf_percent$$00000002)
    _printf_f                                0x080001b1   Thumb Code     0  _printf_f.o(.ARM.Collect$$_printf_percent$$00000003)
    _printf_e                                0x080001b7   Thumb Code     0  _printf_e.o(.ARM.Collect$$_printf_percent$$00000004)
    _printf_g                                0x080001bd   Thumb Code     0  _printf_g.o(.ARM.Collect$$_printf_percent$$00000005)
    _printf_a                                0x080001c3   Thumb Code     0  _printf_a.o(.ARM.Collect$$_printf_percent$$00000006)
    _printf_ll                               0x080001c9   Thumb Code     0  _printf_ll.o(.ARM.Collect$$_printf_percent$$00000007)
    _printf_i                                0x080001d3   Thumb Code     0  _printf_i.o(.ARM.Collect$$_printf_percent$$00000008)
    _printf_d                                0x080001d9   Thumb Code     0  _printf_d.o(.ARM.Collect$$_printf_percent$$00000009)
    _printf_u                                0x080001df   Thumb Code     0  _printf_u.o(.ARM.Collect$$_printf_percent$$0000000A)
    _printf_o                                0x080001e5   Thumb Code     0  _printf_o.o(.ARM.Collect$$_printf_percent$$0000000B)
    _printf_x                                0x080001eb   Thumb Code     0  _printf_x.o(.ARM.Collect$$_printf_percent$$0000000C)
    _printf_lli                              0x080001f1   Thumb Code     0  _printf_lli.o(.ARM.Collect$$_printf_percent$$0000000D)
    _printf_lld                              0x080001f7   Thumb Code     0  _printf_lld.o(.ARM.Collect$$_printf_percent$$0000000E)
    _printf_llu                              0x080001fd   Thumb Code     0  _printf_llu.o(.ARM.Collect$$_printf_percent$$0000000F)
    _printf_llo                              0x08000203   Thumb Code     0  _printf_llo.o(.ARM.Collect$$_printf_percent$$00000010)
    _printf_llx                              0x08000209   Thumb Code     0  _printf_llx.o(.ARM.Collect$$_printf_percent$$00000011)
    _printf_l                                0x0800020f   Thumb Code     0  _printf_l.o(.ARM.Collect$$_printf_percent$$00000012)
    _printf_c                                0x08000219   Thumb Code     0  _printf_c.o(.ARM.Collect$$_printf_percent$$00000013)
    _printf_s                                0x0800021f   Thumb Code     0  _printf_s.o(.ARM.Collect$$_printf_percent$$00000014)
    _printf_lc                               0x08000225   Thumb Code     0  _printf_lc.o(.ARM.Collect$$_printf_percent$$00000015)
    _printf_ls                               0x0800022b   Thumb Code     0  _printf_ls.o(.ARM.Collect$$_printf_percent$$00000016)
    _printf_percent_end                      0x08000231   Thumb Code     0  _printf_percent_end.o(.ARM.Collect$$_printf_percent$$00000017)
    __rt_lib_init                            0x08000235   Thumb Code     0  libinit.o(.ARM.Collect$$libinit$$00000000)
    __rt_lib_init_fp_1                       0x08000237   Thumb Code     0  libinit2.o(.ARM.Collect$$libinit$$00000002)
    __rt_lib_init_heap_2                     0x08000237   Thumb Code     0  libinit2.o(.ARM.Collect$$libinit$$00000005)
    __rt_lib_init_preinit_1                  0x08000237   Thumb Code     0  libinit2.o(.ARM.Collect$$libinit$$00000004)
    __rt_lib_init_heap_1                     0x0800023f   Thumb Code     0  libinit2.o(.ARM.Collect$$libinit$$0000000A)
    __rt_lib_init_lc_common                  0x0800023f   Thumb Code     0  libinit2.o(.ARM.Collect$$libinit$$0000000F)
    __rt_lib_init_rand_1                     0x0800023f   Thumb Code     0  libinit2.o(.ARM.Collect$$libinit$$0000000E)
    __rt_lib_init_user_alloc_1               0x0800023f   Thumb Code     0  libinit2.o(.ARM.Collect$$libinit$$0000000C)
    __rt_lib_init_lc_collate_1               0x08000245   Thumb Code     0  libinit2.o(.ARM.Collect$$libinit$$00000011)
    __rt_lib_init_lc_ctype_2                 0x08000245   Thumb Code     0  libinit2.o(.ARM.Collect$$libinit$$00000012)
    __rt_lib_init_lc_ctype_1                 0x08000251   Thumb Code     0  libinit2.o(.ARM.Collect$$libinit$$00000013)
    __rt_lib_init_lc_monetary_1              0x08000251   Thumb Code     0  libinit2.o(.ARM.Collect$$libinit$$00000015)
    __rt_lib_init_lc_numeric_2               0x08000251   Thumb Code     0  libinit2.o(.ARM.Collect$$libinit$$00000016)
    __rt_lib_init_alloca_1                   0x0800025b   Thumb Code     0  libinit2.o(.ARM.Collect$$libinit$$0000002E)
    __rt_lib_init_argv_1                     0x0800025b   Thumb Code     0  libinit2.o(.ARM.Collect$$libinit$$0000002C)
    __rt_lib_init_atexit_1                   0x0800025b   Thumb Code     0  libinit2.o(.ARM.Collect$$libinit$$0000001B)
    __rt_lib_init_clock_1                    0x0800025b   Thumb Code     0  libinit2.o(.ARM.Collect$$libinit$$00000021)
    __rt_lib_init_cpp_1                      0x0800025b   Thumb Code     0  libinit2.o(.ARM.Collect$$libinit$$00000032)
    __rt_lib_init_exceptions_1               0x0800025b   Thumb Code     0  libinit2.o(.ARM.Collect$$libinit$$00000030)
    __rt_lib_init_fp_trap_1                  0x0800025b   Thumb Code     0  libinit2.o(.ARM.Collect$$libinit$$0000001F)
    __rt_lib_init_getenv_1                   0x0800025b   Thumb Code     0  libinit2.o(.ARM.Collect$$libinit$$00000023)
    __rt_lib_init_lc_numeric_1               0x0800025b   Thumb Code     0  libinit2.o(.ARM.Collect$$libinit$$00000017)
    __rt_lib_init_lc_time_1                  0x0800025b   Thumb Code     0  libinit2.o(.ARM.Collect$$libinit$$00000019)
    __rt_lib_init_return                     0x0800025b   Thumb Code     0  libinit2.o(.ARM.Collect$$libinit$$00000033)
    __rt_lib_init_signal_1                   0x0800025b   Thumb Code     0  libinit2.o(.ARM.Collect$$libinit$$0000001D)
    __rt_lib_init_stdio_1                    0x0800025b   Thumb Code     0  libinit2.o(.ARM.Collect$$libinit$$00000025)
    __rt_lib_shutdown                        0x0800025d   Thumb Code     0  libshutdown.o(.ARM.Collect$$libshutdown$$00000000)
    __rt_lib_shutdown_fp_trap_1              0x0800025f   Thumb Code     0  libshutdown2.o(.ARM.Collect$$libshutdown$$00000006)
    __rt_lib_shutdown_heap_1                 0x0800025f   Thumb Code     0  libshutdown2.o(.ARM.Collect$$libshutdown$$0000000E)
    __rt_lib_shutdown_return                 0x0800025f   Thumb Code     0  libshutdown2.o(.ARM.Collect$$libshutdown$$0000000F)
    __rt_lib_shutdown_signal_1               0x0800025f   Thumb Code     0  libshutdown2.o(.ARM.Collect$$libshutdown$$00000009)
    __rt_lib_shutdown_stdio_1                0x0800025f   Thumb Code     0  libshutdown2.o(.ARM.Collect$$libshutdown$$00000003)
    __rt_lib_shutdown_user_alloc_1           0x0800025f   Thumb Code     0  libshutdown2.o(.ARM.Collect$$libshutdown$$0000000B)
    __rt_entry                               0x08000261   Thumb Code     0  __rtentry.o(.ARM.Collect$$rtentry$$00000000)
    __rt_entry_presh_1                       0x08000261   Thumb Code     0  __rtentry2.o(.ARM.Collect$$rtentry$$00000002)
    __rt_entry_sh                            0x08000261   Thumb Code     0  __rtentry4.o(.ARM.Collect$$rtentry$$00000004)
    __rt_entry_li                            0x08000267   Thumb Code     0  __rtentry2.o(.ARM.Collect$$rtentry$$0000000A)
    __rt_entry_postsh_1                      0x08000267   Thumb Code     0  __rtentry2.o(.ARM.Collect$$rtentry$$00000009)
    __rt_entry_main                          0x0800026b   Thumb Code     0  __rtentry2.o(.ARM.Collect$$rtentry$$0000000D)
    __rt_entry_postli_1                      0x0800026b   Thumb Code     0  __rtentry2.o(.ARM.Collect$$rtentry$$0000000C)
    __rt_exit                                0x08000273   Thumb Code     0  rtexit.o(.ARM.Collect$$rtexit$$00000000)
    __rt_exit_ls                             0x08000275   Thumb Code     0  rtexit2.o(.ARM.Collect$$rtexit$$00000003)
    __rt_exit_prels_1                        0x08000275   Thumb Code     0  rtexit2.o(.ARM.Collect$$rtexit$$00000002)
    __rt_exit_exit                           0x08000279   Thumb Code     0  rtexit2.o(.ARM.Collect$$rtexit$$00000004)
    Reset_Handler                            0x08000281   Thumb Code     8  startup_stm32f10x_hd.o(.text)
    _maybe_terminate_alloc                   0x08000281   Thumb Code     0  maybetermalloc1.o(.emb_text)
    ADC1_2_IRQHandler                        0x0800029b   Thumb Code     0  startup_stm32f10x_hd.o(.text)
    ADC3_IRQHandler                          0x0800029b   Thumb Code     0  startup_stm32f10x_hd.o(.text)
    CAN1_RX1_IRQHandler                      0x0800029b   Thumb Code     0  startup_stm32f10x_hd.o(.text)
    CAN1_SCE_IRQHandler                      0x0800029b   Thumb Code     0  startup_stm32f10x_hd.o(.text)
    DMA1_Channel1_IRQHandler                 0x0800029b   Thumb Code     0  startup_stm32f10x_hd.o(.text)
    DMA1_Channel2_IRQHandler                 0x0800029b   Thumb Code     0  startup_stm32f10x_hd.o(.text)
    DMA1_Channel3_IRQHandler                 0x0800029b   Thumb Code     0  startup_stm32f10x_hd.o(.text)
    DMA1_Channel4_IRQHandler                 0x0800029b   Thumb Code     0  startup_stm32f10x_hd.o(.text)
    DMA1_Channel5_IRQHandler                 0x0800029b   Thumb Code     0  startup_stm32f10x_hd.o(.text)
    DMA1_Channel6_IRQHandler                 0x0800029b   Thumb Code     0  startup_stm32f10x_hd.o(.text)
    DMA1_Channel7_IRQHandler                 0x0800029b   Thumb Code     0  startup_stm32f10x_hd.o(.text)
    DMA2_Channel1_IRQHandler                 0x0800029b   Thumb Code     0  startup_stm32f10x_hd.o(.text)
    DMA2_Channel2_IRQHandler                 0x0800029b   Thumb Code     0  startup_stm32f10x_hd.o(.text)
    DMA2_Channel3_IRQHandler                 0x0800029b   Thumb Code     0  startup_stm32f10x_hd.o(.text)
    DMA2_Channel4_5_IRQHandler               0x0800029b   Thumb Code     0  startup_stm32f10x_hd.o(.text)
    EXTI0_IRQHandler                         0x0800029b   Thumb Code     0  startup_stm32f10x_hd.o(.text)
    EXTI15_10_IRQHandler                     0x0800029b   Thumb Code     0  startup_stm32f10x_hd.o(.text)
    EXTI1_IRQHandler                         0x0800029b   Thumb Code     0  startup_stm32f10x_hd.o(.text)
    EXTI2_IRQHandler                         0x0800029b   Thumb Code     0  startup_stm32f10x_hd.o(.text)
    EXTI9_5_IRQHandler                       0x0800029b   Thumb Code     0  startup_stm32f10x_hd.o(.text)
    FLASH_IRQHandler                         0x0800029b   Thumb Code     0  startup_stm32f10x_hd.o(.text)
    FSMC_IRQHandler                          0x0800029b   Thumb Code     0  startup_stm32f10x_hd.o(.text)
    I2C1_ER_IRQHandler                       0x0800029b   Thumb Code     0  startup_stm32f10x_hd.o(.text)
    I2C1_EV_IRQHandler                       0x0800029b   Thumb Code     0  startup_stm32f10x_hd.o(.text)
    I2C2_ER_IRQHandler                       0x0800029b   Thumb Code     0  startup_stm32f10x_hd.o(.text)
    I2C2_EV_IRQHandler                       0x0800029b   Thumb Code     0  startup_stm32f10x_hd.o(.text)
    PVD_IRQHandler                           0x0800029b   Thumb Code     0  startup_stm32f10x_hd.o(.text)
    RCC_IRQHandler                           0x0800029b   Thumb Code     0  startup_stm32f10x_hd.o(.text)
    RTCAlarm_IRQHandler                      0x0800029b   Thumb Code     0  startup_stm32f10x_hd.o(.text)
    RTC_IRQHandler                           0x0800029b   Thumb Code     0  startup_stm32f10x_hd.o(.text)
    SDIO_IRQHandler                          0x0800029b   Thumb Code     0  startup_stm32f10x_hd.o(.text)
    SPI1_IRQHandler                          0x0800029b   Thumb Code     0  startup_stm32f10x_hd.o(.text)
    SPI2_IRQHandler                          0x0800029b   Thumb Code     0  startup_stm32f10x_hd.o(.text)
    SPI3_IRQHandler                          0x0800029b   Thumb Code     0  startup_stm32f10x_hd.o(.text)
    TAMPER_IRQHandler                        0x0800029b   Thumb Code     0  startup_stm32f10x_hd.o(.text)
    TIM1_BRK_IRQHandler                      0x0800029b   Thumb Code     0  startup_stm32f10x_hd.o(.text)
    TIM1_CC_IRQHandler                       0x0800029b   Thumb Code     0  startup_stm32f10x_hd.o(.text)
    TIM1_TRG_COM_IRQHandler                  0x0800029b   Thumb Code     0  startup_stm32f10x_hd.o(.text)
    TIM1_UP_IRQHandler                       0x0800029b   Thumb Code     0  startup_stm32f10x_hd.o(.text)
    TIM4_IRQHandler                          0x0800029b   Thumb Code     0  startup_stm32f10x_hd.o(.text)
    TIM5_IRQHandler                          0x0800029b   Thumb Code     0  startup_stm32f10x_hd.o(.text)
    TIM6_IRQHandler                          0x0800029b   Thumb Code     0  startup_stm32f10x_hd.o(.text)
    TIM7_IRQHandler                          0x0800029b   Thumb Code     0  startup_stm32f10x_hd.o(.text)
    TIM8_BRK_IRQHandler                      0x0800029b   Thumb Code     0  startup_stm32f10x_hd.o(.text)
    TIM8_CC_IRQHandler                       0x0800029b   Thumb Code     0  startup_stm32f10x_hd.o(.text)
    TIM8_TRG_COM_IRQHandler                  0x0800029b   Thumb Code     0  startup_stm32f10x_hd.o(.text)
    TIM8_UP_IRQHandler                       0x0800029b   Thumb Code     0  startup_stm32f10x_hd.o(.text)
    UART4_IRQHandler                         0x0800029b   Thumb Code     0  startup_stm32f10x_hd.o(.text)
    UART5_IRQHandler                         0x0800029b   Thumb Code     0  startup_stm32f10x_hd.o(.text)
    USART3_IRQHandler                        0x0800029b   Thumb Code     0  startup_stm32f10x_hd.o(.text)
    USBWakeUp_IRQHandler                     0x0800029b   Thumb Code     0  startup_stm32f10x_hd.o(.text)
    USB_HP_CAN1_TX_IRQHandler                0x0800029b   Thumb Code     0  startup_stm32f10x_hd.o(.text)
    USB_LP_CAN1_RX0_IRQHandler               0x0800029b   Thumb Code     0  startup_stm32f10x_hd.o(.text)
    WWDG_IRQHandler                          0x0800029b   Thumb Code     0  startup_stm32f10x_hd.o(.text)
    __user_initial_stackheap                 0x0800029d   Thumb Code     0  startup_stm32f10x_hd.o(.text)
    malloc                                   0x080002c1   Thumb Code    94  h1_alloc.o(.text)
    free                                     0x0800031f   Thumb Code    78  h1_free.o(.text)
    __c89vsnprintf                           0x0800036d   Thumb Code    48  c89vsnprintf.o(.text)
    __2sprintf                               0x080003a1   Thumb Code    38  __2sprintf.o(.text)
    _printf_str                              0x080003cd   Thumb Code    82  _printf_str.o(.text)
    _printf_int_dec                          0x08000421   Thumb Code   104  _printf_dec.o(.text)
    __printf                                 0x08000499   Thumb Code   388  __printf_flags_ss_wp.o(.text)
    atoi                                     0x08000621   Thumb Code    26  atoi.o(.text)
    strchr                                   0x0800063b   Thumb Code    20  strchr.o(.text)
    strncat                                  0x0800064f   Thumb Code    36  strncat.o(.text)
    strstr                                   0x08000673   Thumb Code    36  strstr.o(.text)
    strlen                                   0x08000697   Thumb Code    62  strlen.o(.text)
    __aeabi_memcpy                           0x080006d5   Thumb Code     0  rt_memcpy_v6.o(.text)
    __rt_memcpy                              0x080006d5   Thumb Code   138  rt_memcpy_v6.o(.text)
    _memcpy_lastbytes                        0x0800073b   Thumb Code     0  rt_memcpy_v6.o(.text)
    __aeabi_memclr                           0x0800075f   Thumb Code     0  rt_memclr.o(.text)
    __rt_memclr                              0x0800075f   Thumb Code    68  rt_memclr.o(.text)
    _memset                                  0x08000763   Thumb Code     0  rt_memclr.o(.text)
    __use_two_region_memory                  0x080007a3   Thumb Code     2  heapauxi.o(.text)
    __rt_heap_escrow                         0x080007a5   Thumb Code     2  heapauxi.o(.text)
    __rt_heap_expand                         0x080007a7   Thumb Code     2  heapauxi.o(.text)
    __rt_heap_descriptor                     0x080007a9   Thumb Code     8  rt_heap_descriptor_intlibspace.o(.text)
    __aeabi_errno_addr                       0x080007b1   Thumb Code     8  rt_errno_addr_intlibspace.o(.text)
    __errno$intlibspace                      0x080007b1   Thumb Code     0  rt_errno_addr_intlibspace.o(.text)
    __rt_errno_addr$intlibspace              0x080007b1   Thumb Code     0  rt_errno_addr_intlibspace.o(.text)
    __use_no_heap                            0x080007b9   Thumb Code     2  hguard.o(.text)
    __heap$guard                             0x080007bb   Thumb Code     2  hguard.o(.text)
    _terminate_user_alloc                    0x080007bd   Thumb Code     2  init_alloc.o(.text)
    _init_user_alloc                         0x080007bf   Thumb Code     2  init_alloc.o(.text)
    __Heap_Full                              0x080007c1   Thumb Code    34  init_alloc.o(.text)
    __Heap_Broken                            0x080007e3   Thumb Code     6  init_alloc.o(.text)
    _init_alloc                              0x080007e9   Thumb Code    94  init_alloc.o(.text)
    __Heap_Initialize                        0x08000847   Thumb Code    10  h1_init.o(.text)
    __Heap_DescSize                          0x08000851   Thumb Code     4  h1_init.o(.text)
    _printf_pre_padding                      0x08000855   Thumb Code    44  _printf_pad.o(.text)
    _printf_post_padding                     0x08000881   Thumb Code    34  _printf_pad.o(.text)
    _printf_truncate_signed                  0x080008a3   Thumb Code    18  _printf_truncate.o(.text)
    _printf_truncate_unsigned                0x080008b5   Thumb Code    18  _printf_truncate.o(.text)
    _printf_int_common                       0x080008c7   Thumb Code   178  _printf_intcommon.o(.text)
    _printf_charcount                        0x08000979   Thumb Code    40  _printf_charcount.o(.text)
    __lib_sel_fp_printf                      0x080009a1   Thumb Code     2  _printf_fp_dec.o(.text)
    _printf_fp_dec_real                      0x08000b4f   Thumb Code   620  _printf_fp_dec.o(.text)
    _printf_char_common                      0x08000dc7   Thumb Code    32  _printf_char_common.o(.text)
    _sputc                                   0x08000ded   Thumb Code    10  _sputc.o(.text)
    _snputc                                  0x08000df7   Thumb Code    16  _snputc.o(.text)
    _printf_cs_common                        0x08000e07   Thumb Code    20  _printf_char.o(.text)
    _printf_char                             0x08000e1b   Thumb Code    16  _printf_char.o(.text)
    _printf_string                           0x08000e2b   Thumb Code     8  _printf_char.o(.text)
    _printf_wctomb                           0x08000e35   Thumb Code   182  _printf_wctomb.o(.text)
    _printf_longlong_dec                     0x08000ef1   Thumb Code   108  _printf_longlong_dec.o(.text)
    _printf_longlong_oct                     0x08000f6d   Thumb Code    68  _printf_oct_int_ll.o(.text)
    _printf_int_oct                          0x08000fb1   Thumb Code    24  _printf_oct_int_ll.o(.text)
    _printf_ll_oct                           0x08000fc9   Thumb Code    12  _printf_oct_int_ll.o(.text)
    _printf_longlong_hex                     0x08000fdd   Thumb Code    86  _printf_hex_int_ll_ptr.o(.text)
    _printf_int_hex                          0x08001033   Thumb Code    28  _printf_hex_int_ll_ptr.o(.text)
    _printf_ll_hex                           0x0800104f   Thumb Code    12  _printf_hex_int_ll_ptr.o(.text)
    _printf_hex_ptr                          0x0800105b   Thumb Code    18  _printf_hex_int_ll_ptr.o(.text)
    strtol                                   0x08001071   Thumb Code   112  strtol.o(.text)
    __aeabi_memcpy4                          0x080010e1   Thumb Code     0  rt_memcpy_w.o(.text)
    __aeabi_memcpy8                          0x080010e1   Thumb Code     0  rt_memcpy_w.o(.text)
    __rt_memcpy_w                            0x080010e1   Thumb Code   100  rt_memcpy_w.o(.text)
    _memcpy_lastbytes_aligned                0x08001129   Thumb Code     0  rt_memcpy_w.o(.text)
    __aeabi_memclr4                          0x08001145   Thumb Code     0  rt_memclr_w.o(.text)
    __aeabi_memclr8                          0x08001145   Thumb Code     0  rt_memclr_w.o(.text)
    __rt_memclr_w                            0x08001145   Thumb Code    78  rt_memclr_w.o(.text)
    _memset_w                                0x08001149   Thumb Code     0  rt_memclr_w.o(.text)
    __user_libspace                          0x08001195   Thumb Code     8  libspace.o(.text)
    __user_perproc_libspace                  0x08001195   Thumb Code     0  libspace.o(.text)
    __user_perthread_libspace                0x08001195   Thumb Code     0  libspace.o(.text)
    __rt_ctype_table                         0x0800119d   Thumb Code    16  rt_ctype_table.o(.text)
    __rt_locale                              0x080011ad   Thumb Code     8  rt_locale_intlibspace.o(.text)
    __Heap_ProvideMemory                     0x080011b5   Thumb Code    52  h1_extend.o(.text)
    _ll_udiv10                               0x080011e9   Thumb Code   138  lludiv10.o(.text)
    _printf_fp_infnan                        0x08001275   Thumb Code   112  _printf_fp_infnan.o(.text)
    _printf_lcs_common                       0x080012f5   Thumb Code    20  _printf_wchar.o(.text)
    _printf_wchar                            0x08001309   Thumb Code    16  _printf_wchar.o(.text)
    _printf_wstring                          0x08001319   Thumb Code     8  _printf_wchar.o(.text)
    _strtoul                                 0x08001321   Thumb Code   158  _strtoul.o(.text)
    _btod_etento                             0x080013c1   Thumb Code   216  bigflt0.o(.text)
    _wcrtomb                                 0x0800149d   Thumb Code    64  _wcrtomb.o(.text)
    __rt_SIGRTMEM                            0x080014dd   Thumb Code    14  defsig_rtmem_outer.o(.text)
    __I$use$semihosting                      0x080014eb   Thumb Code     0  use_no_semi.o(.text)
    __use_no_semihosting_swi                 0x080014eb   Thumb Code     2  use_no_semi.o(.text)
    __semihosting_library_function           0x080014ed   Thumb Code     0  indicate_semi.o(.text)
    __user_setup_stackheap                   0x080014ed   Thumb Code    74  sys_stackheap_outer.o(.text)
    _chval                                   0x08001537   Thumb Code    28  _chval.o(.text)
    exit                                     0x08001553   Thumb Code    12  exit.o(.text)
    __sig_exit                               0x0800155f   Thumb Code    10  defsig_exit.o(.text)
    __rt_SIGRTMEM_inner                      0x08001569   Thumb Code    22  defsig_rtmem_inner.o(.text)
    strcmp                                   0x080015b9   Thumb Code   128  strcmpv7m.o(.text)
    _sys_exit                                0x08001639   Thumb Code     8  sys_exit.o(.text)
    __default_signal_display                 0x08001645   Thumb Code    50  defsig_general.o(.text)
    _ttywrch                                 0x08001677   Thumb Code    14  sys_wrch.o(.text)
    _btod_d2e                                0x08001685   Thumb Code    62  btod.o(CL$$btod_d2e)
    _d2e_denorm_low                          0x080016c3   Thumb Code    70  btod.o(CL$$btod_d2e_denorm_low)
    _d2e_norm_op1                            0x08001709   Thumb Code    96  btod.o(CL$$btod_d2e_norm_op1)
    __btod_div_common                        0x08001769   Thumb Code   696  btod.o(CL$$btod_div_common)
    _e2e                                     0x08001aa1   Thumb Code   198  btod.o(CL$$btod_e2e)
    _btod_ediv                               0x08001b67   Thumb Code    40  btod.o(CL$$btod_ediv)
    _btod_emul                               0x08001b8f   Thumb Code    40  btod.o(CL$$btod_emul)
    __btod_mult_common                       0x08001bb7   Thumb Code   580  btod.o(CL$$btod_mult_common)
    BEEP_Init                                0x08001dfd   Thumb Code    50  beep.o(i.BEEP_Init)
    BH1750_Byte_Write                        0x08001e35   Thumb Code    50  bh1750.o(i.BH1750_Byte_Write)
    BH1750_Init                              0x08001e67   Thumb Code    18  bh1750.o(i.BH1750_Init)
    BH1750_Power_ON                          0x08001e79   Thumb Code    10  bh1750.o(i.BH1750_Power_ON)
    BH1750_Read_Measure                      0x08001e83   Thumb Code    58  bh1750.o(i.BH1750_Read_Measure)
    BusFault_Handler                         0x08001ebd   Thumb Code     4  stm32f10x_it.o(i.BusFault_Handler)
    DHT11_Check                              0x08001ec1   Thumb Code    92  dht11.o(i.DHT11_Check)
    DHT11_Init                               0x08001f25   Thumb Code    58  dht11.o(i.DHT11_Init)
    DHT11_Read_Bit                           0x08001f65   Thumb Code    70  dht11.o(i.DHT11_Read_Bit)
    DHT11_Read_Byte                          0x08001fb1   Thumb Code    30  dht11.o(i.DHT11_Read_Byte)
    DHT11_Read_Data                          0x08001fcf   Thumb Code   110  dht11.o(i.DHT11_Read_Data)
    DHT11_Rst                                0x0800203d   Thumb Code    52  dht11.o(i.DHT11_Rst)
    DebugMon_Handler                         0x0800207d   Thumb Code     2  stm32f10x_it.o(i.DebugMon_Handler)
    ESP8266_Clear                            0x08002081   Thumb Code    18  esp8266.o(i.ESP8266_Clear)
    ESP8266_GetIPD                           0x0800209d   Thumb Code    66  esp8266.o(i.ESP8266_GetIPD)
    ESP8266_Init                             0x080020ed   Thumb Code   206  esp8266.o(i.ESP8266_Init)
    ESP8266_SendCmd                          0x080022d1   Thumb Code    76  esp8266.o(i.ESP8266_SendCmd)
    ESP8266_SendData                         0x08002325   Thumb Code    46  esp8266.o(i.ESP8266_SendData)
    ESP8266_WaitRecive                       0x0800236d   Thumb Code    42  esp8266.o(i.ESP8266_WaitRecive)
    EXTI3_IRQHandler                         0x080023a1   Thumb Code    48  exti.o(i.EXTI3_IRQHandler)
    EXTI4_IRQHandler                         0x080023dd   Thumb Code    42  exti.o(i.EXTI4_IRQHandler)
    EXTIX_Init                               0x08002411   Thumb Code   138  exti.o(i.EXTIX_Init)
    EXTI_ClearITPendingBit                   0x0800249d   Thumb Code     6  stm32f10x_exti.o(i.EXTI_ClearITPendingBit)
    EXTI_Init                                0x080024a9   Thumb Code   142  stm32f10x_exti.o(i.EXTI_Init)
    GPIO_EXTILineConfig                      0x0800253d   Thumb Code    60  stm32f10x_gpio.o(i.GPIO_EXTILineConfig)
    GPIO_Init                                0x0800257d   Thumb Code   278  stm32f10x_gpio.o(i.GPIO_Init)
    GPIO_ReadInputDataBit                    0x08002693   Thumb Code    18  stm32f10x_gpio.o(i.GPIO_ReadInputDataBit)
    GPIO_ResetBits                           0x080026a5   Thumb Code     4  stm32f10x_gpio.o(i.GPIO_ResetBits)
    GPIO_SetBits                             0x080026a9   Thumb Code     4  stm32f10x_gpio.o(i.GPIO_SetBits)
    HardFault_Handler                        0x080026ad   Thumb Code     4  stm32f10x_it.o(i.HardFault_Handler)
    I2C_Start                                0x080026e1   Thumb Code    52  oled.o(i.I2C_Start)
    I2C_Stop                                 0x0800271d   Thumb Code    34  oled.o(i.I2C_Stop)
    I2C_WaitAck                              0x08002749   Thumb Code    44  oled.o(i.I2C_WaitAck)
    IIC_delay                                0x0800277d   Thumb Code    16  oled.o(i.IIC_delay)
    KEY_Init                                 0x0800278d   Thumb Code    32  key.o(i.KEY_Init)
    LED_Init                                 0x080027b1   Thumb Code    68  led.o(i.LED_Init)
    LIght_Intensity                          0x080027fd   Thumb Code    32  bh1750.o(i.LIght_Intensity)
    MQTT_DeleteBuffer                        0x08002821   Thumb Code    28  mqttkit.o(i.MQTT_DeleteBuffer)
    MQTT_DumpLength                          0x0800283d   Thumb Code    46  mqttkit.o(i.MQTT_DumpLength)
    MQTT_NewBuffer                           0x0800286b   Thumb Code    88  mqttkit.o(i.MQTT_NewBuffer)
    MQTT_PacketCmdResp                       0x080028c5   Thumb Code   132  mqttkit.o(i.MQTT_PacketCmdResp)
    MQTT_PacketConnect                       0x08002951   Thumb Code   666  mqttkit.o(i.MQTT_PacketConnect)
    MQTT_PacketPublish                       0x08002bf1   Thumb Code   440  mqttkit.o(i.MQTT_PacketPublish)
    MQTT_PacketPublishAck                    0x08002da9   Thumb Code    72  mqttkit.o(i.MQTT_PacketPublishAck)
    MQTT_PacketPublishComp                   0x08002df1   Thumb Code    72  mqttkit.o(i.MQTT_PacketPublishComp)
    MQTT_PacketPublishRec                    0x08002e39   Thumb Code    72  mqttkit.o(i.MQTT_PacketPublishRec)
    MQTT_PacketPublishRel                    0x08002e81   Thumb Code    72  mqttkit.o(i.MQTT_PacketPublishRel)
    MQTT_PacketSubscribe                     0x08002ec9   Thumb Code   254  mqttkit.o(i.MQTT_PacketSubscribe)
    MQTT_ReadLength                          0x08002fc7   Thumb Code    70  mqttkit.o(i.MQTT_ReadLength)
    MQTT_UnPacketCmd                         0x0800300d   Thumb Code   140  mqttkit.o(i.MQTT_UnPacketCmd)
    MQTT_UnPacketConnectAck                  0x08003099   Thumb Code    30  mqttkit.o(i.MQTT_UnPacketConnectAck)
    MQTT_UnPacketPublish                     0x080030b9   Thumb Code   438  mqttkit.o(i.MQTT_UnPacketPublish)
    MQTT_UnPacketPublishAck                  0x08003279   Thumb Code    30  mqttkit.o(i.MQTT_UnPacketPublishAck)
    MQTT_UnPacketPublishComp                 0x08003297   Thumb Code    30  mqttkit.o(i.MQTT_UnPacketPublishComp)
    MQTT_UnPacketPublishRec                  0x080032b5   Thumb Code    30  mqttkit.o(i.MQTT_UnPacketPublishRec)
    MQTT_UnPacketPublishRel                  0x080032d3   Thumb Code    36  mqttkit.o(i.MQTT_UnPacketPublishRel)
    MQTT_UnPacketRecv                        0x080032f9   Thumb Code   106  mqttkit.o(i.MQTT_UnPacketRecv)
    MQTT_UnPacketSubscribe                   0x0800336d   Thumb Code    52  mqttkit.o(i.MQTT_UnPacketSubscribe)
    MQTT_UnPacketUnSubscribe                 0x080033a1   Thumb Code    18  mqttkit.o(i.MQTT_UnPacketUnSubscribe)
    MemManage_Handler                        0x080033b3   Thumb Code     4  stm32f10x_it.o(i.MemManage_Handler)
    NMI_Handler                              0x080033b7   Thumb Code     2  stm32f10x_it.o(i.NMI_Handler)
    NVIC_Init                                0x080033b9   Thumb Code   100  misc.o(i.NVIC_Init)
    NVIC_PriorityGroupConfig                 0x08003429   Thumb Code    10  misc.o(i.NVIC_PriorityGroupConfig)
    OLED_Clear                               0x0800343d   Thumb Code    42  oled.o(i.OLED_Clear)
    OLED_ColorTurn                           0x0800346d   Thumb Code    28  oled.o(i.OLED_ColorTurn)
    OLED_DisplayTurn                         0x08003489   Thumb Code    44  oled.o(i.OLED_DisplayTurn)
    OLED_DrawPoint                           0x080034b5   Thumb Code   114  oled.o(i.OLED_DrawPoint)
    OLED_Init                                0x0800352d   Thumb Code   368  oled.o(i.OLED_Init)
    OLED_Refresh                             0x080036a5   Thumb Code   100  oled.o(i.OLED_Refresh)
    OLED_ShowChar                            0x0800370d   Thumb Code   300  oled.o(i.OLED_ShowChar)
    OLED_ShowString                          0x08003849   Thumb Code    74  oled.o(i.OLED_ShowString)
    OLED_WR_Byte                             0x08003893   Thumb Code    56  oled.o(i.OLED_WR_Byte)
    OneNet_DevLink                           0x080038cd   Thumb Code   212  onenet.o(i.OneNet_DevLink)
    OneNet_Publish                           0x08003b01   Thumb Code    88  onenet.o(i.OneNet_Publish)
    OneNet_RevPro                            0x08003b7d   Thumb Code   592  onenet.o(i.OneNet_RevPro)
    OneNet_Subscribe                         0x08003f8d   Thumb Code    80  onenet.o(i.OneNet_Subscribe)
    PendSV_Handler                           0x08003ff9   Thumb Code     2  stm32f10x_it.o(i.PendSV_Handler)
    RCC_APB1PeriphClockCmd                   0x08003ffd   Thumb Code    26  stm32f10x_rcc.o(i.RCC_APB1PeriphClockCmd)
    RCC_APB2PeriphClockCmd                   0x0800401d   Thumb Code    26  stm32f10x_rcc.o(i.RCC_APB2PeriphClockCmd)
    RCC_GetClocksFreq                        0x0800403d   Thumb Code   192  stm32f10x_rcc.o(i.RCC_GetClocksFreq)
    SVC_Handler                              0x08004111   Thumb Code     2  stm32f10x_it.o(i.SVC_Handler)
    Send_Byte                                0x08004115   Thumb Code    74  oled.o(i.Send_Byte)
    SysTick_CLKSourceConfig                  0x08004251   Thumb Code    40  misc.o(i.SysTick_CLKSourceConfig)
    SysTick_Handler                          0x08004279   Thumb Code     2  stm32f10x_it.o(i.SysTick_Handler)
    SystemInit                               0x0800427d   Thumb Code    78  system_stm32f10x.o(i.SystemInit)
    TIM2_IRQHandler                          0x080042dd   Thumb Code    78  timer.o(i.TIM2_IRQHandler)
    TIM2_Int_Init                            0x0800433d   Thumb Code    92  timer.o(i.TIM2_Int_Init)
    TIM3_IRQHandler                          0x08004399   Thumb Code   158  timer.o(i.TIM3_IRQHandler)
    TIM3_Int_Init                            0x0800448d   Thumb Code    90  timer.o(i.TIM3_Int_Init)
    TIM_ClearITPendingBit                    0x080044ed   Thumb Code     6  stm32f10x_tim.o(i.TIM_ClearITPendingBit)
    TIM_Cmd                                  0x080044f3   Thumb Code    24  stm32f10x_tim.o(i.TIM_Cmd)
    TIM_GetITStatus                          0x0800450b   Thumb Code    34  stm32f10x_tim.o(i.TIM_GetITStatus)
    TIM_ITConfig                             0x0800452d   Thumb Code    18  stm32f10x_tim.o(i.TIM_ITConfig)
    TIM_TimeBaseInit                         0x08004541   Thumb Code   122  stm32f10x_tim.o(i.TIM_TimeBaseInit)
    USART1_IRQHandler                        0x080045e5   Thumb Code    24  usart.o(i.USART1_IRQHandler)
    USART2_IRQHandler                        0x08004601   Thumb Code    62  esp8266.o(i.USART2_IRQHandler)
    USART_ClearFlag                          0x0800464d   Thumb Code    18  stm32f10x_usart.o(i.USART_ClearFlag)
    USART_Cmd                                0x0800465f   Thumb Code    24  stm32f10x_usart.o(i.USART_Cmd)
    USART_GetFlagStatus                      0x08004677   Thumb Code    26  stm32f10x_usart.o(i.USART_GetFlagStatus)
    USART_GetITStatus                        0x08004691   Thumb Code    84  stm32f10x_usart.o(i.USART_GetITStatus)
    USART_ITConfig                           0x080046e5   Thumb Code    74  stm32f10x_usart.o(i.USART_ITConfig)
    USART_Init                               0x08004731   Thumb Code   210  stm32f10x_usart.o(i.USART_Init)
    USART_SendData                           0x08004809   Thumb Code     8  stm32f10x_usart.o(i.USART_SendData)
    UsageFault_Handler                       0x08004811   Thumb Code     4  stm32f10x_it.o(i.UsageFault_Handler)
    Usart1_Init                              0x08004815   Thumb Code   166  usart.o(i.Usart1_Init)
    Usart2_Init                              0x080048c5   Thumb Code   162  usart.o(i.Usart2_Init)
    UsartPrintf                              0x08004971   Thumb Code    72  usart.o(i.UsartPrintf)
    Usart_SendString                         0x080049b9   Thumb Code    50  usart.o(i.Usart_SendString)
    __ARM_fpclassify                         0x080049eb   Thumb Code    40  fpclassify.o(i.__ARM_fpclassify)
    _is_digit                                0x08004a13   Thumb Code    14  __printf_wp.o(i._is_digit)
    delay_init                               0x08004a21   Thumb Code    50  delay.o(i.delay_init)
    delay_ms                                 0x08004a65   Thumb Code    72  delay.o(i.delay_ms)
    delay_us                                 0x08004ab1   Thumb Code    72  delay.o(i.delay_us)
    i2c_Ack                                  0x08004afd   Thumb Code    44  bh1750.o(i.i2c_Ack)
    i2c_CheckDevice                          0x08004b2d   Thumb Code    28  bh1750.o(i.i2c_CheckDevice)
    i2c_NAck                                 0x08004b59   Thumb Code    36  bh1750.o(i.i2c_NAck)
    i2c_ReadByte                             0x08004b81   Thumb Code    62  bh1750.o(i.i2c_ReadByte)
    i2c_SendByte                             0x08004bc5   Thumb Code    80  bh1750.o(i.i2c_SendByte)
    i2c_Start                                0x08004c19   Thumb Code    42  bh1750.o(i.i2c_Start)
    i2c_Stop                                 0x08004c49   Thumb Code    28  bh1750.o(i.i2c_Stop)
    i2c_WaitAck                              0x08004c69   Thumb Code    56  bh1750.o(i.i2c_WaitAck)
    main                                     0x08004ca5   Thumb Code   378  main.o(i.main)
    _get_lc_numeric                          0x08004ec9   Thumb Code    44  lc_numeric_c.o(locale$$code)
    _get_lc_ctype                            0x08004ef5   Thumb Code    44  lc_ctype_c.o(locale$$code)
    __fpl_dretinf                            0x08004f21   Thumb Code    12  dretinf.o(x$fpl$dretinf)
    __aeabi_f2d                              0x08004f2d   Thumb Code     0  f2d.o(x$fpl$f2d)
    _f2d                                     0x08004f2d   Thumb Code    86  f2d.o(x$fpl$f2d)
    __fpl_fcmp_Inf                           0x08004f83   Thumb Code    24  fcmpi.o(x$fpl$fcmpinf)
    __aeabi_fdiv                             0x08004f9d   Thumb Code     0  fdiv.o(x$fpl$fdiv)
    _fdiv                                    0x08004f9d   Thumb Code   384  fdiv.o(x$fpl$fdiv)
    __aeabi_ui2f                             0x08005121   Thumb Code     0  fflt_clz.o(x$fpl$ffltu)
    _ffltu                                   0x08005121   Thumb Code    38  fflt_clz.o(x$fpl$ffltu)
    __aeabi_cfcmple                          0x08005149   Thumb Code     0  fleqf.o(x$fpl$fleqf)
    _fcmple                                  0x08005149   Thumb Code   104  fleqf.o(x$fpl$fleqf)
    __fpl_fcmple_InfNaN                      0x0800519b   Thumb Code     0  fleqf.o(x$fpl$fleqf)
    __aeabi_fmul                             0x080051b1   Thumb Code     0  fmul.o(x$fpl$fmul)
    _fmul                                    0x080051b1   Thumb Code   258  fmul.o(x$fpl$fmul)
    __fpl_fnaninf                            0x080052b3   Thumb Code   140  fnaninf.o(x$fpl$fnaninf)
    __fpl_fretinf                            0x0800533f   Thumb Code    10  fretinf.o(x$fpl$fretinf)
    _printf_fp_dec                           0x08005349   Thumb Code     4  printf1.o(x$fpl$printf1)
    __I$use$fp                               0x0800534c   Number         0  usenofp.o(x$fpl$usenofp)
    asc2_0806                                0x0800534c   Data         552  oled.o(.constdata)
    asc2_1206                                0x08005574   Data        1140  oled.o(.constdata)
    asc2_1608                                0x080059e8   Data        1520  oled.o(.constdata)
    asc2_2412                                0x08005fd8   Data        3420  oled.o(.constdata)
    Hzk1                                     0x08006d34   Data         352  oled.o(.constdata)
    Hzk2                                     0x08006e94   Data          72  oled.o(.constdata)
    Hzk3                                     0x08006edc   Data         128  oled.o(.constdata)
    Hzk4                                     0x08006f5c   Data         512  oled.o(.constdata)
    Region$$Table$$Base                      0x08007248   Number         0  anon$$obj.o(Region$$Table)
    Region$$Table$$Limit                     0x08007268   Number         0  anon$$obj.o(Region$$Table)
    __ctype                                  0x08007291   Data           0  lc_ctype_c.o(locale$$data)
    alarmFlag                                0x20000000   Data           1  main.o(.data)
    alarm_is_free                            0x20000001   Data           1  main.o(.data)
    humidityH                                0x20000002   Data           1  main.o(.data)
    humidityL                                0x20000003   Data           1  main.o(.data)
    temperatureH                             0x20000004   Data           1  main.o(.data)
    temperatureL                             0x20000005   Data           1  main.o(.data)
    Light                                    0x20000008   Data           4  main.o(.data)
    topics                                   0x2000000c   Data           4  main.o(.data)
    SystemCoreClock                          0x20000010   Data           4  system_stm32f10x.o(.data)
    AHBPrescTable                            0x20000014   Data          16  system_stm32f10x.o(.data)
    esp8266_cnt                              0x2000003c   Data           2  esp8266.o(.data)
    esp8266_cntPre                           0x2000003e   Data           2  esp8266.o(.data)
    OLED_GRAM                                0x20000044   Data        1152  oled.o(.bss)
    oledBuf                                  0x200004c4   Data          20  timer.o(.bss)
    esp8266_buf                              0x200004d8   Data         128  esp8266.o(.bss)
    __libspace_start                         0x20000558   Data          96  libspace.o(.bss)
    __temporary_stack_top$libspace           0x200005b8   Data           0  libspace.o(.bss)



==============================================================================

Memory Map of the image

  Image Entry point : 0x08000281

  Load Region LR_1 (Base: 0x08000000, Size: 0x000073d8, Max: 0xffffffff, ABSOLUTE)

    Execution Region ER_RO (Base: 0x08000000, Size: 0x00007394, Max: 0xffffffff, ABSOLUTE)

    Base Addr    Size         Type   Attr      Idx    E Section Name        Object

    0x08000000   0x00000130   Data   RO          789    RESET               startup_stm32f10x_hd.o
    0x08000130   0x00000008   Code   RO         2341  * !!!main             c_w.l(__main.o)
    0x08000138   0x00000034   Code   RO         2707    !!!scatter          c_w.l(__scatter.o)
    0x0800016c   0x0000001a   Code   RO         2709    !!handler_copy      c_w.l(__scatter_copy.o)
    0x08000186   0x00000002   PAD
    0x08000188   0x0000001c   Code   RO         2711    !!handler_zi        c_w.l(__scatter_zi.o)
    0x080001a4   0x00000000   Code   RO         2324    .ARM.Collect$$_printf_percent$$00000000  c_w.l(_printf_percent.o)
    0x080001a4   0x00000006   Code   RO         2445    .ARM.Collect$$_printf_percent$$00000001  c_w.l(_printf_n.o)
    0x080001aa   0x00000006   Code   RO         2447    .ARM.Collect$$_printf_percent$$00000002  c_w.l(_printf_p.o)
    0x080001b0   0x00000006   Code   RO         2323    .ARM.Collect$$_printf_percent$$00000003  c_w.l(_printf_f.o)
    0x080001b6   0x00000006   Code   RO         2451    .ARM.Collect$$_printf_percent$$00000004  c_w.l(_printf_e.o)
    0x080001bc   0x00000006   Code   RO         2452    .ARM.Collect$$_printf_percent$$00000005  c_w.l(_printf_g.o)
    0x080001c2   0x00000006   Code   RO         2453    .ARM.Collect$$_printf_percent$$00000006  c_w.l(_printf_a.o)
    0x080001c8   0x0000000a   Code   RO         2458    .ARM.Collect$$_printf_percent$$00000007  c_w.l(_printf_ll.o)
    0x080001d2   0x00000006   Code   RO         2449    .ARM.Collect$$_printf_percent$$00000008  c_w.l(_printf_i.o)
    0x080001d8   0x00000006   Code   RO         2322    .ARM.Collect$$_printf_percent$$00000009  c_w.l(_printf_d.o)
    0x080001de   0x00000006   Code   RO         2450    .ARM.Collect$$_printf_percent$$0000000A  c_w.l(_printf_u.o)
    0x080001e4   0x00000006   Code   RO         2448    .ARM.Collect$$_printf_percent$$0000000B  c_w.l(_printf_o.o)
    0x080001ea   0x00000006   Code   RO         2446    .ARM.Collect$$_printf_percent$$0000000C  c_w.l(_printf_x.o)
    0x080001f0   0x00000006   Code   RO         2455    .ARM.Collect$$_printf_percent$$0000000D  c_w.l(_printf_lli.o)
    0x080001f6   0x00000006   Code   RO         2456    .ARM.Collect$$_printf_percent$$0000000E  c_w.l(_printf_lld.o)
    0x080001fc   0x00000006   Code   RO         2457    .ARM.Collect$$_printf_percent$$0000000F  c_w.l(_printf_llu.o)
    0x08000202   0x00000006   Code   RO         2462    .ARM.Collect$$_printf_percent$$00000010  c_w.l(_printf_llo.o)
    0x08000208   0x00000006   Code   RO         2463    .ARM.Collect$$_printf_percent$$00000011  c_w.l(_printf_llx.o)
    0x0800020e   0x0000000a   Code   RO         2459    .ARM.Collect$$_printf_percent$$00000012  c_w.l(_printf_l.o)
    0x08000218   0x00000006   Code   RO         2444    .ARM.Collect$$_printf_percent$$00000013  c_w.l(_printf_c.o)
    0x0800021e   0x00000006   Code   RO         2321    .ARM.Collect$$_printf_percent$$00000014  c_w.l(_printf_s.o)
    0x08000224   0x00000006   Code   RO         2460    .ARM.Collect$$_printf_percent$$00000015  c_w.l(_printf_lc.o)
    0x0800022a   0x00000006   Code   RO         2461    .ARM.Collect$$_printf_percent$$00000016  c_w.l(_printf_ls.o)
    0x08000230   0x00000004   Code   RO         2454    .ARM.Collect$$_printf_percent$$00000017  c_w.l(_printf_percent_end.o)
    0x08000234   0x00000002   Code   RO         2647    .ARM.Collect$$libinit$$00000000  c_w.l(libinit.o)
    0x08000236   0x00000000   Code   RO         2473    .ARM.Collect$$libinit$$00000002  c_w.l(libinit2.o)
    0x08000236   0x00000000   Code   RO         2475    .ARM.Collect$$libinit$$00000004  c_w.l(libinit2.o)
    0x08000236   0x00000008   Code   RO         2476    .ARM.Collect$$libinit$$00000005  c_w.l(libinit2.o)
    0x0800023e   0x00000000   Code   RO         2478    .ARM.Collect$$libinit$$0000000A  c_w.l(libinit2.o)
    0x0800023e   0x00000000   Code   RO         2480    .ARM.Collect$$libinit$$0000000C  c_w.l(libinit2.o)
    0x0800023e   0x00000000   Code   RO         2482    .ARM.Collect$$libinit$$0000000E  c_w.l(libinit2.o)
    0x0800023e   0x00000006   Code   RO         2483    .ARM.Collect$$libinit$$0000000F  c_w.l(libinit2.o)
    0x08000244   0x00000000   Code   RO         2485    .ARM.Collect$$libinit$$00000011  c_w.l(libinit2.o)
    0x08000244   0x0000000c   Code   RO         2486    .ARM.Collect$$libinit$$00000012  c_w.l(libinit2.o)
    0x08000250   0x00000000   Code   RO         2487    .ARM.Collect$$libinit$$00000013  c_w.l(libinit2.o)
    0x08000250   0x00000000   Code   RO         2489    .ARM.Collect$$libinit$$00000015  c_w.l(libinit2.o)
    0x08000250   0x0000000a   Code   RO         2490    .ARM.Collect$$libinit$$00000016  c_w.l(libinit2.o)
    0x0800025a   0x00000000   Code   RO         2491    .ARM.Collect$$libinit$$00000017  c_w.l(libinit2.o)
    0x0800025a   0x00000000   Code   RO         2493    .ARM.Collect$$libinit$$00000019  c_w.l(libinit2.o)
    0x0800025a   0x00000000   Code   RO         2495    .ARM.Collect$$libinit$$0000001B  c_w.l(libinit2.o)
    0x0800025a   0x00000000   Code   RO         2497    .ARM.Collect$$libinit$$0000001D  c_w.l(libinit2.o)
    0x0800025a   0x00000000   Code   RO         2499    .ARM.Collect$$libinit$$0000001F  c_w.l(libinit2.o)
    0x0800025a   0x00000000   Code   RO         2501    .ARM.Collect$$libinit$$00000021  c_w.l(libinit2.o)
    0x0800025a   0x00000000   Code   RO         2503    .ARM.Collect$$libinit$$00000023  c_w.l(libinit2.o)
    0x0800025a   0x00000000   Code   RO         2505    .ARM.Collect$$libinit$$00000025  c_w.l(libinit2.o)
    0x0800025a   0x00000000   Code   RO         2509    .ARM.Collect$$libinit$$0000002C  c_w.l(libinit2.o)
    0x0800025a   0x00000000   Code   RO         2511    .ARM.Collect$$libinit$$0000002E  c_w.l(libinit2.o)
    0x0800025a   0x00000000   Code   RO         2513    .ARM.Collect$$libinit$$00000030  c_w.l(libinit2.o)
    0x0800025a   0x00000000   Code   RO         2515    .ARM.Collect$$libinit$$00000032  c_w.l(libinit2.o)
    0x0800025a   0x00000002   Code   RO         2516    .ARM.Collect$$libinit$$00000033  c_w.l(libinit2.o)
    0x0800025c   0x00000002   Code   RO         2704    .ARM.Collect$$libshutdown$$00000000  c_w.l(libshutdown.o)
    0x0800025e   0x00000000   Code   RO         2662    .ARM.Collect$$libshutdown$$00000003  c_w.l(libshutdown2.o)
    0x0800025e   0x00000000   Code   RO         2665    .ARM.Collect$$libshutdown$$00000006  c_w.l(libshutdown2.o)
    0x0800025e   0x00000000   Code   RO         2668    .ARM.Collect$$libshutdown$$00000009  c_w.l(libshutdown2.o)
    0x0800025e   0x00000000   Code   RO         2670    .ARM.Collect$$libshutdown$$0000000B  c_w.l(libshutdown2.o)
    0x0800025e   0x00000000   Code   RO         2673    .ARM.Collect$$libshutdown$$0000000E  c_w.l(libshutdown2.o)
    0x0800025e   0x00000002   Code   RO         2674    .ARM.Collect$$libshutdown$$0000000F  c_w.l(libshutdown2.o)
    0x08000260   0x00000000   Code   RO         2363    .ARM.Collect$$rtentry$$00000000  c_w.l(__rtentry.o)
    0x08000260   0x00000000   Code   RO         2532    .ARM.Collect$$rtentry$$00000002  c_w.l(__rtentry2.o)
    0x08000260   0x00000006   Code   RO         2544    .ARM.Collect$$rtentry$$00000004  c_w.l(__rtentry4.o)
    0x08000266   0x00000000   Code   RO         2534    .ARM.Collect$$rtentry$$00000009  c_w.l(__rtentry2.o)
    0x08000266   0x00000004   Code   RO         2535    .ARM.Collect$$rtentry$$0000000A  c_w.l(__rtentry2.o)
    0x0800026a   0x00000000   Code   RO         2537    .ARM.Collect$$rtentry$$0000000C  c_w.l(__rtentry2.o)
    0x0800026a   0x00000008   Code   RO         2538    .ARM.Collect$$rtentry$$0000000D  c_w.l(__rtentry2.o)
    0x08000272   0x00000002   Code   RO         2650    .ARM.Collect$$rtexit$$00000000  c_w.l(rtexit.o)
    0x08000274   0x00000000   Code   RO         2678    .ARM.Collect$$rtexit$$00000002  c_w.l(rtexit2.o)
    0x08000274   0x00000004   Code   RO         2679    .ARM.Collect$$rtexit$$00000003  c_w.l(rtexit2.o)
    0x08000278   0x00000006   Code   RO         2680    .ARM.Collect$$rtexit$$00000004  c_w.l(rtexit2.o)
    0x0800027e   0x00000002   PAD
    0x08000280   0x00000000   Code   RO         2555    .emb_text           c_w.l(maybetermalloc1.o)
    0x08000280   0x00000040   Code   RO          790  * .text               startup_stm32f10x_hd.o
    0x080002c0   0x0000005e   Code   RO         2231    .text               c_w.l(h1_alloc.o)
    0x0800031e   0x0000004e   Code   RO         2233    .text               c_w.l(h1_free.o)
    0x0800036c   0x00000034   Code   RO         2289    .text               c_w.l(c89vsnprintf.o)
    0x080003a0   0x0000002c   Code   RO         2291    .text               c_w.l(__2sprintf.o)
    0x080003cc   0x00000052   Code   RO         2297    .text               c_w.l(_printf_str.o)
    0x0800041e   0x00000002   PAD
    0x08000420   0x00000078   Code   RO         2299    .text               c_w.l(_printf_dec.o)
    0x08000498   0x00000188   Code   RO         2318    .text               c_w.l(__printf_flags_ss_wp.o)
    0x08000620   0x0000001a   Code   RO         2325    .text               c_w.l(atoi.o)
    0x0800063a   0x00000014   Code   RO         2327    .text               c_w.l(strchr.o)
    0x0800064e   0x00000024   Code   RO         2329    .text               c_w.l(strncat.o)
    0x08000672   0x00000024   Code   RO         2331    .text               c_w.l(strstr.o)
    0x08000696   0x0000003e   Code   RO         2333    .text               c_w.l(strlen.o)
    0x080006d4   0x0000008a   Code   RO         2335    .text               c_w.l(rt_memcpy_v6.o)
    0x0800075e   0x00000044   Code   RO         2337    .text               c_w.l(rt_memclr.o)
    0x080007a2   0x00000006   Code   RO         2339    .text               c_w.l(heapauxi.o)
    0x080007a8   0x00000008   Code   RO         2367    .text               c_w.l(rt_heap_descriptor_intlibspace.o)
    0x080007b0   0x00000008   Code   RO         2372    .text               c_w.l(rt_errno_addr_intlibspace.o)
    0x080007b8   0x00000004   Code   RO         2374    .text               c_w.l(hguard.o)
    0x080007bc   0x0000008a   Code   RO         2376    .text               c_w.l(init_alloc.o)
    0x08000846   0x0000000e   Code   RO         2380    .text               c_w.l(h1_init.o)
    0x08000854   0x0000004e   Code   RO         2394    .text               c_w.l(_printf_pad.o)
    0x080008a2   0x00000024   Code   RO         2396    .text               c_w.l(_printf_truncate.o)
    0x080008c6   0x000000b2   Code   RO         2398    .text               c_w.l(_printf_intcommon.o)
    0x08000978   0x00000028   Code   RO         2400    .text               c_w.l(_printf_charcount.o)
    0x080009a0   0x0000041a   Code   RO         2402    .text               c_w.l(_printf_fp_dec.o)
    0x08000dba   0x00000002   PAD
    0x08000dbc   0x00000030   Code   RO         2404    .text               c_w.l(_printf_char_common.o)
    0x08000dec   0x0000000a   Code   RO         2406    .text               c_w.l(_sputc.o)
    0x08000df6   0x00000010   Code   RO         2408    .text               c_w.l(_snputc.o)
    0x08000e06   0x0000002c   Code   RO         2410    .text               c_w.l(_printf_char.o)
    0x08000e32   0x00000002   PAD
    0x08000e34   0x000000bc   Code   RO         2412    .text               c_w.l(_printf_wctomb.o)
    0x08000ef0   0x0000007c   Code   RO         2415    .text               c_w.l(_printf_longlong_dec.o)
    0x08000f6c   0x00000070   Code   RO         2421    .text               c_w.l(_printf_oct_int_ll.o)
    0x08000fdc   0x00000094   Code   RO         2441    .text               c_w.l(_printf_hex_int_ll_ptr.o)
    0x08001070   0x00000070   Code   RO         2464    .text               c_w.l(strtol.o)
    0x080010e0   0x00000064   Code   RO         2466    .text               c_w.l(rt_memcpy_w.o)
    0x08001144   0x0000004e   Code   RO         2468    .text               c_w.l(rt_memclr_w.o)
    0x08001192   0x00000002   PAD
    0x08001194   0x00000008   Code   RO         2528    .text               c_w.l(libspace.o)
    0x0800119c   0x00000010   Code   RO         2546    .text               c_w.l(rt_ctype_table.o)
    0x080011ac   0x00000008   Code   RO         2551    .text               c_w.l(rt_locale_intlibspace.o)
    0x080011b4   0x00000034   Code   RO         2557    .text               c_w.l(h1_extend.o)
    0x080011e8   0x0000008a   Code   RO         2561    .text               c_w.l(lludiv10.o)
    0x08001272   0x00000002   PAD
    0x08001274   0x00000080   Code   RO         2563    .text               c_w.l(_printf_fp_infnan.o)
    0x080012f4   0x0000002c   Code   RO         2567    .text               c_w.l(_printf_wchar.o)
    0x08001320   0x0000009e   Code   RO         2569    .text               c_w.l(_strtoul.o)
    0x080013be   0x00000002   PAD
    0x080013c0   0x000000dc   Code   RO         2571    .text               c_w.l(bigflt0.o)
    0x0800149c   0x00000040   Code   RO         2596    .text               c_w.l(_wcrtomb.o)
    0x080014dc   0x0000000e   Code   RO         2601    .text               c_w.l(defsig_rtmem_outer.o)
    0x080014ea   0x00000002   Code   RO         2616    .text               c_w.l(use_no_semi.o)
    0x080014ec   0x00000000   Code   RO         2618    .text               c_w.l(indicate_semi.o)
    0x080014ec   0x0000004a   Code   RO         2619    .text               c_w.l(sys_stackheap_outer.o)
    0x08001536   0x0000001c   Code   RO         2625    .text               c_w.l(_chval.o)
    0x08001552   0x0000000c   Code   RO         2630    .text               c_w.l(exit.o)
    0x0800155e   0x0000000a   Code   RO         2632    .text               c_w.l(defsig_exit.o)
    0x08001568   0x00000050   Code   RO         2634    .text               c_w.l(defsig_rtmem_inner.o)
    0x080015b8   0x00000080   Code   RO         2636    .text               c_w.l(strcmpv7m.o)
    0x08001638   0x0000000c   Code   RO         2648    .text               c_w.l(sys_exit.o)
    0x08001644   0x00000032   Code   RO         2658    .text               c_w.l(defsig_general.o)
    0x08001676   0x0000000e   Code   RO         2675    .text               c_w.l(sys_wrch.o)
    0x08001684   0x0000003e   Code   RO         2574    CL$$btod_d2e        c_w.l(btod.o)
    0x080016c2   0x00000046   Code   RO         2576    CL$$btod_d2e_denorm_low  c_w.l(btod.o)
    0x08001708   0x00000060   Code   RO         2575    CL$$btod_d2e_norm_op1  c_w.l(btod.o)
    0x08001768   0x00000338   Code   RO         2584    CL$$btod_div_common  c_w.l(btod.o)
    0x08001aa0   0x000000c6   Code   RO         2581    CL$$btod_e2e        c_w.l(btod.o)
    0x08001b66   0x00000028   Code   RO         2578    CL$$btod_ediv       c_w.l(btod.o)
    0x08001b8e   0x00000028   Code   RO         2577    CL$$btod_emul       c_w.l(btod.o)
    0x08001bb6   0x00000244   Code   RO         2583    CL$$btod_mult_common  c_w.l(btod.o)
    0x08001dfa   0x00000002   PAD
    0x08001dfc   0x00000038   Code   RO          287    i.BEEP_Init         beep.o
    0x08001e34   0x00000032   Code   RO          299    i.BH1750_Byte_Write  bh1750.o
    0x08001e66   0x00000012   Code   RO          300    i.BH1750_Init       bh1750.o
    0x08001e78   0x0000000a   Code   RO          302    i.BH1750_Power_ON   bh1750.o
    0x08001e82   0x0000003a   Code   RO          304    i.BH1750_Read_Measure  bh1750.o
    0x08001ebc   0x00000004   Code   RO          152    i.BusFault_Handler  stm32f10x_it.o
    0x08001ec0   0x00000064   Code   RO          405    i.DHT11_Check       dht11.o
    0x08001f24   0x00000040   Code   RO          406    i.DHT11_Init        dht11.o
    0x08001f64   0x0000004c   Code   RO          407    i.DHT11_Read_Bit    dht11.o
    0x08001fb0   0x0000001e   Code   RO          408    i.DHT11_Read_Byte   dht11.o
    0x08001fce   0x0000006e   Code   RO          409    i.DHT11_Read_Data   dht11.o
    0x0800203c   0x00000040   Code   RO          410    i.DHT11_Rst         dht11.o
    0x0800207c   0x00000002   Code   RO          153    i.DebugMon_Handler  stm32f10x_it.o
    0x0800207e   0x00000002   PAD
    0x08002080   0x0000001c   Code   RO         1950    i.ESP8266_Clear     esp8266.o
    0x0800209c   0x00000050   Code   RO         1951    i.ESP8266_GetIPD    esp8266.o
    0x080020ec   0x000001e4   Code   RO         1952    i.ESP8266_Init      esp8266.o
    0x080022d0   0x00000054   Code   RO         1953    i.ESP8266_SendCmd   esp8266.o
    0x08002324   0x00000048   Code   RO         1954    i.ESP8266_SendData  esp8266.o
    0x0800236c   0x00000034   Code   RO         1955    i.ESP8266_WaitRecive  esp8266.o
    0x080023a0   0x0000003c   Code   RO          752    i.EXTI3_IRQHandler  exti.o
    0x080023dc   0x00000034   Code   RO          753    i.EXTI4_IRQHandler  exti.o
    0x08002410   0x0000008a   Code   RO          754    i.EXTIX_Init        exti.o
    0x0800249a   0x00000002   PAD
    0x0800249c   0x0000000c   Code   RO         1897    i.EXTI_ClearITPendingBit  stm32f10x_exti.o
    0x080024a8   0x00000094   Code   RO         1902    i.EXTI_Init         stm32f10x_exti.o
    0x0800253c   0x00000040   Code   RO          833    i.GPIO_EXTILineConfig  stm32f10x_gpio.o
    0x0800257c   0x00000116   Code   RO          836    i.GPIO_Init         stm32f10x_gpio.o
    0x08002692   0x00000012   Code   RO          840    i.GPIO_ReadInputDataBit  stm32f10x_gpio.o
    0x080026a4   0x00000004   Code   RO          843    i.GPIO_ResetBits    stm32f10x_gpio.o
    0x080026a8   0x00000004   Code   RO          844    i.GPIO_SetBits      stm32f10x_gpio.o
    0x080026ac   0x00000004   Code   RO          154    i.HardFault_Handler  stm32f10x_it.o
    0x080026b0   0x00000030   Code   RO          305    i.I2C_BH1750_GPIOConfig  bh1750.o
    0x080026e0   0x0000003c   Code   RO          447    i.I2C_Start         oled.o
    0x0800271c   0x0000002c   Code   RO          448    i.I2C_Stop          oled.o
    0x08002748   0x00000034   Code   RO          449    i.I2C_WaitAck       oled.o
    0x0800277c   0x00000010   Code   RO          450    i.IIC_delay         oled.o
    0x0800278c   0x00000024   Code   RO          598    i.KEY_Init          key.o
    0x080027b0   0x0000004c   Code   RO          275    i.LED_Init          led.o
    0x080027fc   0x00000024   Code   RO          306    i.LIght_Intensity   bh1750.o
    0x08002820   0x0000001c   Code   RO         2006    i.MQTT_DeleteBuffer  mqttkit.o
    0x0800283c   0x0000002e   Code   RO         2007    i.MQTT_DumpLength   mqttkit.o
    0x0800286a   0x00000058   Code   RO         2008    i.MQTT_NewBuffer    mqttkit.o
    0x080028c2   0x00000002   PAD
    0x080028c4   0x0000008c   Code   RO         2009    i.MQTT_PacketCmdResp  mqttkit.o
    0x08002950   0x000002a0   Code   RO         2010    i.MQTT_PacketConnect  mqttkit.o
    0x08002bf0   0x000001b8   Code   RO         2013    i.MQTT_PacketPublish  mqttkit.o
    0x08002da8   0x00000048   Code   RO         2014    i.MQTT_PacketPublishAck  mqttkit.o
    0x08002df0   0x00000048   Code   RO         2015    i.MQTT_PacketPublishComp  mqttkit.o
    0x08002e38   0x00000048   Code   RO         2016    i.MQTT_PacketPublishRec  mqttkit.o
    0x08002e80   0x00000048   Code   RO         2017    i.MQTT_PacketPublishRel  mqttkit.o
    0x08002ec8   0x000000fe   Code   RO         2020    i.MQTT_PacketSubscribe  mqttkit.o
    0x08002fc6   0x00000046   Code   RO         2022    i.MQTT_ReadLength   mqttkit.o
    0x0800300c   0x0000008c   Code   RO         2023    i.MQTT_UnPacketCmd  mqttkit.o
    0x08003098   0x0000001e   Code   RO         2024    i.MQTT_UnPacketConnectAck  mqttkit.o
    0x080030b6   0x00000002   PAD
    0x080030b8   0x000001c0   Code   RO         2025    i.MQTT_UnPacketPublish  mqttkit.o
    0x08003278   0x0000001e   Code   RO         2026    i.MQTT_UnPacketPublishAck  mqttkit.o
    0x08003296   0x0000001e   Code   RO         2027    i.MQTT_UnPacketPublishComp  mqttkit.o
    0x080032b4   0x0000001e   Code   RO         2028    i.MQTT_UnPacketPublishRec  mqttkit.o
    0x080032d2   0x00000024   Code   RO         2029    i.MQTT_UnPacketPublishRel  mqttkit.o
    0x080032f6   0x00000002   PAD
    0x080032f8   0x00000074   Code   RO         2030    i.MQTT_UnPacketRecv  mqttkit.o
    0x0800336c   0x00000034   Code   RO         2031    i.MQTT_UnPacketSubscribe  mqttkit.o
    0x080033a0   0x00000012   Code   RO         2032    i.MQTT_UnPacketUnSubscribe  mqttkit.o
    0x080033b2   0x00000004   Code   RO          155    i.MemManage_Handler  stm32f10x_it.o
    0x080033b6   0x00000002   Code   RO          156    i.NMI_Handler       stm32f10x_it.o
    0x080033b8   0x00000070   Code   RO          794    i.NVIC_Init         misc.o
    0x08003428   0x00000014   Code   RO          795    i.NVIC_PriorityGroupConfig  misc.o
    0x0800343c   0x00000030   Code   RO          451    i.OLED_Clear        oled.o
    0x0800346c   0x0000001c   Code   RO          452    i.OLED_ColorTurn    oled.o
    0x08003488   0x0000002c   Code   RO          455    i.OLED_DisplayTurn  oled.o
    0x080034b4   0x00000078   Code   RO          458    i.OLED_DrawPoint    oled.o
    0x0800352c   0x00000178   Code   RO          459    i.OLED_Init         oled.o
    0x080036a4   0x00000068   Code   RO          461    i.OLED_Refresh      oled.o
    0x0800370c   0x0000013c   Code   RO          463    i.OLED_ShowChar     oled.o
    0x08003848   0x0000004a   Code   RO          467    i.OLED_ShowString   oled.o
    0x08003892   0x00000038   Code   RO          468    i.OLED_WR_Byte      oled.o
    0x080038ca   0x00000002   PAD
    0x080038cc   0x00000234   Code   RO         2190    i.OneNet_DevLink    onenet.o
    0x08003b00   0x0000007c   Code   RO         2191    i.OneNet_Publish    onenet.o
    0x08003b7c   0x00000410   Code   RO         2192    i.OneNet_RevPro     onenet.o
    0x08003f8c   0x0000006c   Code   RO         2193    i.OneNet_Subscribe  onenet.o
    0x08003ff8   0x00000002   Code   RO          157    i.PendSV_Handler    stm32f10x_it.o
    0x08003ffa   0x00000002   PAD
    0x08003ffc   0x00000020   Code   RO          970    i.RCC_APB1PeriphClockCmd  stm32f10x_rcc.o
    0x0800401c   0x00000020   Code   RO          972    i.RCC_APB2PeriphClockCmd  stm32f10x_rcc.o
    0x0800403c   0x000000d4   Code   RO          980    i.RCC_GetClocksFreq  stm32f10x_rcc.o
    0x08004110   0x00000002   Code   RO          158    i.SVC_Handler       stm32f10x_it.o
    0x08004112   0x00000002   PAD
    0x08004114   0x00000054   Code   RO          469    i.Send_Byte         oled.o
    0x08004168   0x00000008   Code   RO          241    i.SetSysClock       system_stm32f10x.o
    0x08004170   0x000000e0   Code   RO          242    i.SetSysClockTo72   system_stm32f10x.o
    0x08004250   0x00000028   Code   RO          798    i.SysTick_CLKSourceConfig  misc.o
    0x08004278   0x00000002   Code   RO          159    i.SysTick_Handler   stm32f10x_it.o
    0x0800427a   0x00000002   PAD
    0x0800427c   0x00000060   Code   RO          244    i.SystemInit        system_stm32f10x.o
    0x080042dc   0x00000060   Code   RO          718    i.TIM2_IRQHandler   timer.o
    0x0800433c   0x0000005c   Code   RO          719    i.TIM2_Int_Init     timer.o
    0x08004398   0x000000f4   Code   RO          720    i.TIM3_IRQHandler   timer.o
    0x0800448c   0x00000060   Code   RO          721    i.TIM3_Int_Init     timer.o
    0x080044ec   0x00000006   Code   RO         1359    i.TIM_ClearITPendingBit  stm32f10x_tim.o
    0x080044f2   0x00000018   Code   RO         1364    i.TIM_Cmd           stm32f10x_tim.o
    0x0800450a   0x00000022   Code   RO         1385    i.TIM_GetITStatus   stm32f10x_tim.o
    0x0800452c   0x00000012   Code   RO         1389    i.TIM_ITConfig      stm32f10x_tim.o
    0x0800453e   0x00000002   PAD
    0x08004540   0x000000a4   Code   RO         1435    i.TIM_TimeBaseInit  stm32f10x_tim.o
    0x080045e4   0x0000001c   Code   RO          672    i.USART1_IRQHandler  usart.o
    0x08004600   0x0000004c   Code   RO         1956    i.USART2_IRQHandler  esp8266.o
    0x0800464c   0x00000012   Code   RO         1168    i.USART_ClearFlag   stm32f10x_usart.o
    0x0800465e   0x00000018   Code   RO         1172    i.USART_Cmd         stm32f10x_usart.o
    0x08004676   0x0000001a   Code   RO         1175    i.USART_GetFlagStatus  stm32f10x_usart.o
    0x08004690   0x00000054   Code   RO         1176    i.USART_GetITStatus  stm32f10x_usart.o
    0x080046e4   0x0000004a   Code   RO         1178    i.USART_ITConfig    stm32f10x_usart.o
    0x0800472e   0x00000002   PAD
    0x08004730   0x000000d8   Code   RO         1179    i.USART_Init        stm32f10x_usart.o
    0x08004808   0x00000008   Code   RO         1189    i.USART_SendData    stm32f10x_usart.o
    0x08004810   0x00000004   Code   RO          160    i.UsageFault_Handler  stm32f10x_it.o
    0x08004814   0x000000b0   Code   RO          673    i.Usart1_Init       usart.o
    0x080048c4   0x000000ac   Code   RO          674    i.Usart2_Init       usart.o
    0x08004970   0x00000048   Code   RO          675    i.UsartPrintf       usart.o
    0x080049b8   0x00000032   Code   RO          676    i.Usart_SendString  usart.o
    0x080049ea   0x00000028   Code   RO         2614    i.__ARM_fpclassify  m_ws.l(fpclassify.o)
    0x08004a12   0x0000000e   Code   RO         2311    i._is_digit         c_w.l(__printf_wp.o)
    0x08004a20   0x00000044   Code   RO          617    i.delay_init        delay.o
    0x08004a64   0x0000004c   Code   RO          618    i.delay_ms          delay.o
    0x08004ab0   0x0000004c   Code   RO          619    i.delay_us          delay.o
    0x08004afc   0x00000030   Code   RO          307    i.i2c_Ack           bh1750.o
    0x08004b2c   0x0000001c   Code   RO          308    i.i2c_CheckDevice   bh1750.o
    0x08004b48   0x0000000e   Code   RO          309    i.i2c_Delay         bh1750.o
    0x08004b56   0x00000002   PAD
    0x08004b58   0x00000028   Code   RO          310    i.i2c_NAck          bh1750.o
    0x08004b80   0x00000044   Code   RO          311    i.i2c_ReadByte      bh1750.o
    0x08004bc4   0x00000054   Code   RO          312    i.i2c_SendByte      bh1750.o
    0x08004c18   0x00000030   Code   RO          313    i.i2c_Start         bh1750.o
    0x08004c48   0x00000020   Code   RO          314    i.i2c_Stop          bh1750.o
    0x08004c68   0x0000003c   Code   RO          315    i.i2c_WaitAck       bh1750.o
    0x08004ca4   0x00000224   Code   RO            1    i.main              main.o
    0x08004ec8   0x0000002c   Code   RO         2599    locale$$code        c_w.l(lc_numeric_c.o)
    0x08004ef4   0x0000002c   Code   RO         2628    locale$$code        c_w.l(lc_ctype_c.o)
    0x08004f20   0x0000000c   Code   RO         2517    x$fpl$dretinf       fz_ws.l(dretinf.o)
    0x08004f2c   0x00000056   Code   RO         2343    x$fpl$f2d           fz_ws.l(f2d.o)
    0x08004f82   0x00000018   Code   RO         2519    x$fpl$fcmpinf       fz_ws.l(fcmpi.o)
    0x08004f9a   0x00000002   PAD
    0x08004f9c   0x00000184   Code   RO         2346    x$fpl$fdiv          fz_ws.l(fdiv.o)
    0x08005120   0x00000026   Code   RO         2349    x$fpl$ffltu         fz_ws.l(fflt_clz.o)
    0x08005146   0x00000002   PAD
    0x08005148   0x00000068   Code   RO         2355    x$fpl$fleqf         fz_ws.l(fleqf.o)
    0x080051b0   0x00000102   Code   RO         2357    x$fpl$fmul          fz_ws.l(fmul.o)
    0x080052b2   0x0000008c   Code   RO         2521    x$fpl$fnaninf       fz_ws.l(fnaninf.o)
    0x0800533e   0x0000000a   Code   RO         2523    x$fpl$fretinf       fz_ws.l(fretinf.o)
    0x08005348   0x00000004   Code   RO         2359    x$fpl$printf1       fz_ws.l(printf1.o)
    0x0800534c   0x00000000   Code   RO         2525    x$fpl$usenofp       fz_ws.l(usenofp.o)
    0x0800534c   0x00001e10   Data   RO          471    .constdata          oled.o
    0x0800715c   0x00000011   Data   RO         2319    .constdata          c_w.l(__printf_flags_ss_wp.o)
    0x0800716d   0x00000003   PAD
    0x08007170   0x00000008   Data   RO         2413    .constdata          c_w.l(_printf_wctomb.o)
    0x08007178   0x00000028   Data   RO         2442    .constdata          c_w.l(_printf_hex_int_ll_ptr.o)
    0x080071a0   0x00000094   Data   RO         2572    .constdata          c_w.l(bigflt0.o)
    0x08007234   0x00000011   Data   RO            2    .conststring        main.o
    0x08007245   0x00000003   PAD
    0x08007248   0x00000020   Data   RO         2705    Region$$Table       anon$$obj.o
    0x08007268   0x0000001c   Data   RO         2598    locale$$data        c_w.l(lc_numeric_c.o)
    0x08007284   0x00000110   Data   RO         2627    locale$$data        c_w.l(lc_ctype_c.o)


    Execution Region ER_RW (Base: 0x20000000, Size: 0x00000044, Max: 0xffffffff, ABSOLUTE)

    Base Addr    Size         Type   Attr      Idx    E Section Name        Object

    0x20000000   0x00000010   Data   RW            3    .data               main.o
    0x20000010   0x00000014   Data   RW          245    .data               system_stm32f10x.o
    0x20000024   0x00000004   Data   RW          620    .data               delay.o
    0x20000028   0x00000014   Data   RW         1000    .data               stm32f10x_rcc.o
    0x2000003c   0x00000004   Data   RW         1958    .data               esp8266.o
    0x20000040   0x00000002   Data   RW         2194    .data               onenet.o


    Execution Region ER_ZI (Base: 0x20000044, Size: 0x00000b74, Max: 0xffffffff, ABSOLUTE)

    Base Addr    Size         Type   Attr      Idx    E Section Name        Object

    0x20000044   0x00000480   Zero   RW          470    .bss                oled.o
    0x200004c4   0x00000014   Zero   RW          722    .bss                timer.o
    0x200004d8   0x00000080   Zero   RW         1957    .bss                esp8266.o
    0x20000558   0x00000060   Zero   RW         2529    .bss                c_w.l(libspace.o)
    0x200005b8   0x00000200   Zero   RW          788    HEAP                startup_stm32f10x_hd.o
    0x200007b8   0x00000400   Zero   RW          787    STACK               startup_stm32f10x_hd.o


==============================================================================

Image component sizes


      Code (inc. data)   RO Data    RW Data    ZI Data      Debug   Object Name

        56          6          0          0          0        472   beep.o
       642         42          0          0          0       7370   bh1750.o
       220         26          0          4          0       1615   delay.o
       444         32          0          0          0       3764   dht11.o
       876        360          0          4        128       4871   esp8266.o
       250         22          0          0          0       1471   exti.o
        36          4          0          0          0        463   key.o
        76          8          0          0          0        479   led.o
       548        170         17         16          0     256778   main.o
       172         22          0          0          0       1969   misc.o
      2956         34          0          0          0      18577   mqttkit.o
      1422         76       7696          0       1152       9179   oled.o
      1836        884          0          2          0       4517   onenet.o
        64         26        304          0       1536        784   startup_stm32f10x_hd.o
       160         12          0          0          0       1437   stm32f10x_exti.o
       368          4          0          0          0       4118   stm32f10x_gpio.o
        26          0          0          0          0       3506   stm32f10x_it.o
       276         32          0         20          0       4330   stm32f10x_rcc.o
       246         42          0          0          0       3406   stm32f10x_tim.o
       450          6          0          0          0       5943   stm32f10x_usart.o
         0          0          0          0          0         32   sys.o
       328         28          0         20          0       1977   system_stm32f10x.o
       528        110          0          0         20       2966   timer.o
       498         24          0          0          0       4121   usart.o

    ----------------------------------------------------------------------
     12502       1970       8052         68       2836     344145   Object Totals
         0          0         32          0          0          0   (incl. Generated)
        24          0          3          2          0          0   (incl. Padding)

    ----------------------------------------------------------------------

      Code (inc. data)   RO Data    RW Data    ZI Data      Debug   Library Member Name

        44          6          0          0          0         84   __2sprintf.o
         8          0          0          0          0         68   __main.o
       392          4         17          0          0         92   __printf_flags_ss_wp.o
        14          0          0          0          0         68   __printf_wp.o
         0          0          0          0          0          0   __rtentry.o
        12          0          0          0          0          0   __rtentry2.o
         6          0          0          0          0          0   __rtentry4.o
        52          8          0          0          0          0   __scatter.o
        26          0          0          0          0          0   __scatter_copy.o
        28          0          0          0          0          0   __scatter_zi.o
        28          0          0          0          0         68   _chval.o
         6          0          0          0          0          0   _printf_a.o
         6          0          0          0          0          0   _printf_c.o
        44          0          0          0          0        108   _printf_char.o
        48          6          0          0          0         96   _printf_char_common.o
        40          0          0          0          0         68   _printf_charcount.o
         6          0          0          0          0          0   _printf_d.o
       120         16          0          0          0         92   _printf_dec.o
         6          0          0          0          0          0   _printf_e.o
         6          0          0          0          0          0   _printf_f.o
      1050          0          0          0          0        216   _printf_fp_dec.o
       128         16          0          0          0         84   _printf_fp_infnan.o
         6          0          0          0          0          0   _printf_g.o
       148          4         40          0          0        160   _printf_hex_int_ll_ptr.o
         6          0          0          0          0          0   _printf_i.o
       178          0          0          0          0         88   _printf_intcommon.o
        10          0          0          0          0          0   _printf_l.o
         6          0          0          0          0          0   _printf_lc.o
        10          0          0          0          0          0   _printf_ll.o
         6          0          0          0          0          0   _printf_lld.o
         6          0          0          0          0          0   _printf_lli.o
         6          0          0          0          0          0   _printf_llo.o
         6          0          0          0          0          0   _printf_llu.o
         6          0          0          0          0          0   _printf_llx.o
       124         16          0          0          0         92   _printf_longlong_dec.o
         6          0          0          0          0          0   _printf_ls.o
         6          0          0          0          0          0   _printf_n.o
         6          0          0          0          0          0   _printf_o.o
       112          8          0          0          0        124   _printf_oct_int_ll.o
         6          0          0          0          0          0   _printf_p.o
        78          0          0          0          0        108   _printf_pad.o
         0          0          0          0          0          0   _printf_percent.o
         4          0          0          0          0          0   _printf_percent_end.o
         6          0          0          0          0          0   _printf_s.o
        82          0          0          0          0         80   _printf_str.o
        36          0          0          0          0         84   _printf_truncate.o
         6          0          0          0          0          0   _printf_u.o
        44          0          0          0          0        108   _printf_wchar.o
       188          6          8          0          0         92   _printf_wctomb.o
         6          0          0          0          0          0   _printf_x.o
        16          0          0          0          0         68   _snputc.o
        10          0          0          0          0         68   _sputc.o
       158          0          0          0          0         92   _strtoul.o
        64          0          0          0          0         92   _wcrtomb.o
        26          0          0          0          0         80   atoi.o
       220          4        148          0          0         96   bigflt0.o
      1910        128          0          0          0        672   btod.o
        52          4          0          0          0         80   c89vsnprintf.o
        10          0          0          0          0         68   defsig_exit.o
        50          0          0          0          0         88   defsig_general.o
        80         58          0          0          0         76   defsig_rtmem_inner.o
        14          0          0          0          0         80   defsig_rtmem_outer.o
        12          0          0          0          0         72   exit.o
        94          0          0          0          0         80   h1_alloc.o
        52          0          0          0          0         68   h1_extend.o
        78          0          0          0          0         80   h1_free.o
        14          0          0          0          0         84   h1_init.o
         6          0          0          0          0        152   heapauxi.o
         4          0          0          0          0        136   hguard.o
         0          0          0          0          0          0   indicate_semi.o
       138          0          0          0          0        168   init_alloc.o
        44         10        272          0          0         76   lc_ctype_c.o
        44         10         28          0          0         76   lc_numeric_c.o
         2          0          0          0          0          0   libinit.o
        38          0          0          0          0          0   libinit2.o
         2          0          0          0          0          0   libshutdown.o
         2          0          0          0          0          0   libshutdown2.o
         8          4          0          0         96         68   libspace.o
       138          0          0          0          0         80   lludiv10.o
         0          0          0          0          0          0   maybetermalloc1.o
        16          4          0          0          0         76   rt_ctype_table.o
         8          4          0          0          0         68   rt_errno_addr_intlibspace.o
         8          4          0          0          0         68   rt_heap_descriptor_intlibspace.o
         8          4          0          0          0         68   rt_locale_intlibspace.o
        68          0          0          0          0         68   rt_memclr.o
        78          0          0          0          0         80   rt_memclr_w.o
       138          0          0          0          0         68   rt_memcpy_v6.o
       100          0          0          0          0         80   rt_memcpy_w.o
         2          0          0          0          0          0   rtexit.o
        10          0          0          0          0          0   rtexit2.o
        20          0          0          0          0         68   strchr.o
       128          0          0          0          0         68   strcmpv7m.o
        62          0          0          0          0         76   strlen.o
        36          0          0          0          0         76   strncat.o
        36          0          0          0          0         80   strstr.o
       112          0          0          0          0         88   strtol.o
        12          4          0          0          0         68   sys_exit.o
        74          0          0          0          0         80   sys_stackheap_outer.o
        14          0          0          0          0         76   sys_wrch.o
         2          0          0          0          0         68   use_no_semi.o
        12          0          0          0          0         68   dretinf.o
        86          4          0          0          0         84   f2d.o
        24          0          0          0          0         68   fcmpi.o
       388         76          0          0          0         96   fdiv.o
        38          0          0          0          0         68   fflt_clz.o
       104          4          0          0          0         84   fleqf.o
       258          4          0          0          0         84   fmul.o
       140          4          0          0          0         84   fnaninf.o
        10          0          0          0          0         68   fretinf.o
         4          0          0          0          0         68   printf1.o
         0          0          0          0          0          0   usenofp.o
        40          0          0          0          0         68   fpclassify.o

    ----------------------------------------------------------------------
      8518        420        516          0         96       6844   Library Totals
        22          0          3          0          0          0   (incl. Padding)

    ----------------------------------------------------------------------

      Code (inc. data)   RO Data    RW Data    ZI Data      Debug   Library Name

      7392        328        513          0         96       6004   c_w.l
      1064         92          0          0          0        772   fz_ws.l
        40          0          0          0          0         68   m_ws.l

    ----------------------------------------------------------------------
      8518        420        516          0         96       6844   Library Totals

    ----------------------------------------------------------------------

==============================================================================


      Code (inc. data)   RO Data    RW Data    ZI Data      Debug   

     21020       2390       8568         68       2932     340689   Grand Totals
     21020       2390       8568         68       2932     340689   ELF Image Totals
     21020       2390       8568         68          0          0   ROM Totals

==============================================================================

    Total RO  Size (Code + RO Data)                29588 (  28.89kB)
    Total RW  Size (RW Data + ZI Data)              3000 (   2.93kB)
    Total ROM Size (Code + RO Data + RW Data)      29656 (  28.96kB)

==============================================================================

